Archive member included to satisfy reference by file (symbol)

D:/STM/STM32CubeIDE_1.16.1/STM32CubeIDE/plugins/com.st.stm32cube.ide.mcu.externaltools.gnu-tools-for-stm32.12.3.rel1.win32_1.0.200.202406191623/tools/bin/../lib/gcc/arm-none-eabi/12.3.1/../../../../arm-none-eabi/lib/thumb/v7e-m+fp/hard\libc_nano.a(libc_a-atoi.o)
                              ./USB_DEVICE/App/usbd_cdc_if.o (atoi)
D:/STM/STM32CubeIDE_1.16.1/STM32CubeIDE/plugins/com.st.stm32cube.ide.mcu.externaltools.gnu-tools-for-stm32.12.3.rel1.win32_1.0.200.202406191623/tools/bin/../lib/gcc/arm-none-eabi/12.3.1/../../../../arm-none-eabi/lib/thumb/v7e-m+fp/hard\libc_nano.a(libc_a-exit.o)
                              D:/STM/STM32CubeIDE_1.16.1/STM32CubeIDE/plugins/com.st.stm32cube.ide.mcu.externaltools.gnu-tools-for-stm32.12.3.rel1.win32_1.0.200.202406191623/tools/bin/../lib/gcc/arm-none-eabi/12.3.1/../../../../arm-none-eabi/lib/thumb/v7e-m+fp/hard/crt0.o (exit)
D:/STM/STM32CubeIDE_1.16.1/STM32CubeIDE/plugins/com.st.stm32cube.ide.mcu.externaltools.gnu-tools-for-stm32.12.3.rel1.win32_1.0.200.202406191623/tools/bin/../lib/gcc/arm-none-eabi/12.3.1/../../../../arm-none-eabi/lib/thumb/v7e-m+fp/hard\libc_nano.a(libc_a-strtol.o)
                              D:/STM/STM32CubeIDE_1.16.1/STM32CubeIDE/plugins/com.st.stm32cube.ide.mcu.externaltools.gnu-tools-for-stm32.12.3.rel1.win32_1.0.200.202406191623/tools/bin/../lib/gcc/arm-none-eabi/12.3.1/../../../../arm-none-eabi/lib/thumb/v7e-m+fp/hard\libc_nano.a(libc_a-atoi.o) (_strtol_r)
D:/STM/STM32CubeIDE_1.16.1/STM32CubeIDE/plugins/com.st.stm32cube.ide.mcu.externaltools.gnu-tools-for-stm32.12.3.rel1.win32_1.0.200.202406191623/tools/bin/../lib/gcc/arm-none-eabi/12.3.1/../../../../arm-none-eabi/lib/thumb/v7e-m+fp/hard\libc_nano.a(libc_a-ctype_.o)
                              D:/STM/STM32CubeIDE_1.16.1/STM32CubeIDE/plugins/com.st.stm32cube.ide.mcu.externaltools.gnu-tools-for-stm32.12.3.rel1.win32_1.0.200.202406191623/tools/bin/../lib/gcc/arm-none-eabi/12.3.1/../../../../arm-none-eabi/lib/thumb/v7e-m+fp/hard\libc_nano.a(libc_a-strtol.o) (_ctype_)
D:/STM/STM32CubeIDE_1.16.1/STM32CubeIDE/plugins/com.st.stm32cube.ide.mcu.externaltools.gnu-tools-for-stm32.12.3.rel1.win32_1.0.200.202406191623/tools/bin/../lib/gcc/arm-none-eabi/12.3.1/../../../../arm-none-eabi/lib/thumb/v7e-m+fp/hard\libc_nano.a(libc_a-findfp.o)
                              D:/STM/STM32CubeIDE_1.16.1/STM32CubeIDE/plugins/com.st.stm32cube.ide.mcu.externaltools.gnu-tools-for-stm32.12.3.rel1.win32_1.0.200.202406191623/tools/bin/../lib/gcc/arm-none-eabi/12.3.1/../../../../arm-none-eabi/lib/thumb/v7e-m+fp/hard\libc_nano.a(libc_a-exit.o) (__stdio_exit_handler)
D:/STM/STM32CubeIDE_1.16.1/STM32CubeIDE/plugins/com.st.stm32cube.ide.mcu.externaltools.gnu-tools-for-stm32.12.3.rel1.win32_1.0.200.202406191623/tools/bin/../lib/gcc/arm-none-eabi/12.3.1/../../../../arm-none-eabi/lib/thumb/v7e-m+fp/hard\libc_nano.a(libc_a-fwalk.o)
                              D:/STM/STM32CubeIDE_1.16.1/STM32CubeIDE/plugins/com.st.stm32cube.ide.mcu.externaltools.gnu-tools-for-stm32.12.3.rel1.win32_1.0.200.202406191623/tools/bin/../lib/gcc/arm-none-eabi/12.3.1/../../../../arm-none-eabi/lib/thumb/v7e-m+fp/hard\libc_nano.a(libc_a-findfp.o) (_fwalk_sglue)
D:/STM/STM32CubeIDE_1.16.1/STM32CubeIDE/plugins/com.st.stm32cube.ide.mcu.externaltools.gnu-tools-for-stm32.12.3.rel1.win32_1.0.200.202406191623/tools/bin/../lib/gcc/arm-none-eabi/12.3.1/../../../../arm-none-eabi/lib/thumb/v7e-m+fp/hard\libc_nano.a(libc_a-sprintf.o)
                              ./USB_DEVICE/App/usbd_cdc_if.o (sprintf)
D:/STM/STM32CubeIDE_1.16.1/STM32CubeIDE/plugins/com.st.stm32cube.ide.mcu.externaltools.gnu-tools-for-stm32.12.3.rel1.win32_1.0.200.202406191623/tools/bin/../lib/gcc/arm-none-eabi/12.3.1/../../../../arm-none-eabi/lib/thumb/v7e-m+fp/hard\libc_nano.a(libc_a-stdio.o)
                              D:/STM/STM32CubeIDE_1.16.1/STM32CubeIDE/plugins/com.st.stm32cube.ide.mcu.externaltools.gnu-tools-for-stm32.12.3.rel1.win32_1.0.200.202406191623/tools/bin/../lib/gcc/arm-none-eabi/12.3.1/../../../../arm-none-eabi/lib/thumb/v7e-m+fp/hard\libc_nano.a(libc_a-findfp.o) (__sread)
D:/STM/STM32CubeIDE_1.16.1/STM32CubeIDE/plugins/com.st.stm32cube.ide.mcu.externaltools.gnu-tools-for-stm32.12.3.rel1.win32_1.0.200.202406191623/tools/bin/../lib/gcc/arm-none-eabi/12.3.1/../../../../arm-none-eabi/lib/thumb/v7e-m+fp/hard\libc_nano.a(libc_a-memset.o)
                              D:/STM/STM32CubeIDE_1.16.1/STM32CubeIDE/plugins/com.st.stm32cube.ide.mcu.externaltools.gnu-tools-for-stm32.12.3.rel1.win32_1.0.200.202406191623/tools/bin/../lib/gcc/arm-none-eabi/12.3.1/../../../../arm-none-eabi/lib/thumb/v7e-m+fp/hard/crt0.o (memset)
D:/STM/STM32CubeIDE_1.16.1/STM32CubeIDE/plugins/com.st.stm32cube.ide.mcu.externaltools.gnu-tools-for-stm32.12.3.rel1.win32_1.0.200.202406191623/tools/bin/../lib/gcc/arm-none-eabi/12.3.1/../../../../arm-none-eabi/lib/thumb/v7e-m+fp/hard\libc_nano.a(libc_a-strchr.o)
[...]
Memory Configuration

Name             Origin             Length             Attributes
CCMRAM           0x10000000         0x00002000         xrw
RAM              0x20000000         0x0000a000         xrw
FLASH            0x08000000         0x00040000         xr
*default*        0x00000000         0xffffffff

Linker script and memory map

LOAD D:/STM/STM32CubeIDE_1.16.1/STM32CubeIDE/plugins/com.st.stm32cube.ide.mcu.externaltools.gnu-tools-for-stm32.12.3.rel1.win32_1.0.200.202406191623/tools/bin/../lib/gcc/arm-none-eabi/12.3.1/thumb/v7e-m+fp/hard/crti.o
LOAD D:/STM/STM32CubeIDE_1.16.1/STM32CubeIDE/plugins/com.st.stm32cube.ide.mcu.externaltools.gnu-tools-for-stm32.12.3.rel1.win32_1.0.200.202406191623/tools/bin/../lib/gcc/arm-none-eabi/12.3.1/thumb/v7e-m+fp/hard/crtbegin.o
LOAD D:/STM/STM32CubeIDE_1.16.1/STM32CubeIDE/plugins/com.st.stm32cube.ide.mcu.externaltools.gnu-tools-for-stm32.12.3.rel1.win32_1.0.200.202406191623/tools/bin/../lib/gcc/arm-none-eabi/12.3.1/../../../../arm-none-eabi/lib/thumb/v7e-m+fp/hard/crt0.o
LOAD ./Core/Src/main.o
LOAD ./Core/Src/stm32f3xx_hal_msp.o
LOAD ./Core/Src/stm32f3xx_it.o
LOAD ./Core/Src/syscalls.o
LOAD ./Core/Src/sysmem.o
LOAD ./Core/Src/system_stm32f3xx.o
LOAD ./Core/Startup/startup_stm32f303vctx.o
LOAD ./Drivers/STM32F3xx_HAL_Driver/Src/stm32f3xx_hal.o
LOAD ./Drivers/STM32F3xx_HAL_Driver/Src/stm32f3xx_hal_cortex.o
LOAD ./Drivers/STM32F3xx_HAL_Driver/Src/stm32f3xx_hal_dma.o
LOAD ./Drivers/STM32F3xx_HAL_Driver/Src/stm32f3xx_hal_exti.o
LOAD ./Drivers/STM32F3xx_HAL_Driver/Src/stm32f3xx_hal_flash.o
LOAD ./Drivers/STM32F3xx_HAL_Driver/Src/stm32f3xx_hal_flash_ex.o
LOAD ./Drivers/STM32F3xx_HAL_Driver/Src/stm32f3xx_hal_gpio.o
LOAD ./Drivers/STM32F3xx_HAL_Driver/Src/stm32f3xx_hal_i2c.o
LOAD ./Drivers/STM32F3xx_HAL_Driver/Src/stm32f3xx_hal_i2c_ex.o
LOAD ./Drivers/STM32F3xx_HAL_Driver/Src/stm32f3xx_hal_pcd.o
LOAD ./Drivers/STM32F3xx_HAL_Driver/Src/stm32f3xx_hal_pcd_ex.o
LOAD ./Drivers/STM32F3xx_HAL_Driver/Src/stm32f3xx_hal_pwr.o
LOAD ./Drivers/STM32F3xx_HAL_Driver/Src/stm32f3xx_hal_pwr_ex.o
LOAD ./Drivers/STM32F3xx_HAL_Driver/Src/stm32f3xx_hal_rcc.o
LOAD ./Drivers/STM32F3xx_HAL_Driver/Src/stm32f3xx_hal_rcc_ex.o
LOAD ./Drivers/STM32F3xx_HAL_Driver/Src/stm32f3xx_hal_spi.o
LOAD ./Drivers/STM32F3xx_HAL_Driver/Src/stm32f3xx_hal_spi_ex.o
LOAD ./Drivers/STM32F3xx_HAL_Driver/Src/stm32f3xx_hal_tim.o
LOAD ./Drivers/STM32F3xx_HAL_Driver/Src/stm32f3xx_hal_tim_ex.o
LOAD ./Drivers/STM32F3xx_HAL_Driver/Src/stm32f3xx_ll_usb.o
LOAD ./Middlewares/ST/STM32_USB_Device_Library/Class/CDC/Src/usbd_cdc.o
LOAD ./Middlewares/ST/STM32_USB_Device_Library/Core/Src/usbd_core.o
LOAD ./Middlewares/ST/STM32_USB_Device_Library/Core/Src/usbd_ctlreq.o
LOAD ./Middlewares/ST/STM32_USB_Device_Library/Core/Src/usbd_ioreq.o
LOAD ./USB_DEVICE/App/usb_device.o
LOAD ./USB_DEVICE/App/usbd_cdc_if.o
LOAD ./USB_DEVICE/App/usbd_desc.o
LOAD ./USB_DEVICE/Target/usbd_conf.o
START GROUP
LOAD D:/STM/STM32CubeIDE_1.16.1/STM32CubeIDE/plugins/com.st.stm32cube.ide.mcu.externaltools.gnu-tools-for-stm32.12.3.rel1.win32_1.0.200.202406191623/tools/bin/../lib/gcc/arm-none-eabi/12.3.1/../../../../arm-none-eabi/lib/thumb/v7e-m+fp/hard\libc_nano.a
LOAD D:/STM/STM32CubeIDE_1.16.1/STM32CubeIDE/plugins/com.st.stm32cube.ide.mcu.externaltools.gnu-tools-for-stm32.12.3.rel1.win32_1.0.200.202406191623/tools/bin/../lib/gcc/arm-none-eabi/12.3.1/../../../../arm-none-eabi/lib/thumb/v7e-m+fp/hard\libm.a
END GROUP
START GROUP
LOAD D:/STM/STM32CubeIDE_1.16.1/STM32CubeIDE/plugins/com.st.stm32cube.ide.mcu.externaltools.gnu-tools-for-stm32.12.3.rel1.win32_1.0.200.202406191623/tools/bin/../lib/gcc/arm-none-eabi/12.3.1/thumb/v7e-m+fp/hard\libgcc.a
LOAD D:/STM/STM32CubeIDE_1.16.1/STM32CubeIDE/plugins/com.st.stm32cube.ide.mcu.externaltools.gnu-tools-for-stm32.12.3.rel1.win32_1.0.200.202406191623/tools/bin/../lib/gcc/arm-none-eabi/12.3.1/../../../../arm-none-eabi/lib/thumb/v7e-m+fp/hard\libc_nano.a
END GROUP
START GROUP
LOAD D:/STM/STM32CubeIDE_1.16.1/STM32CubeIDE/plugins/com.st.stm32cube.ide.mcu.externaltools.gnu-tools-for-stm32.12.3.rel1.win32_1.0.200.202406191623/tools/bin/../lib/gcc/arm-none-eabi/12.3.1/thumb/v7e-m+fp/hard\libgcc.a
LOAD D:/STM/STM32CubeIDE_1.16.1/STM32CubeIDE/plugins/com.st.stm32cube.ide.mcu.externaltools.gnu-tools-for-stm32.12.3.rel1.win32_1.0.200.202406191623/tools/bin/../lib/gcc/arm-none-eabi/12.3.1/../../../../arm-none-eabi/lib/thumb/v7e-m+fp/hard\libc_nano.a
LOAD D:/STM/STM32CubeIDE_1.16.1/STM32CubeIDE/plugins/com.st.stm32cube.ide.mcu.externaltools.gnu-tools-for-stm32.12.3.rel1.win32_1.0.200.202406191623/tools/bin/../lib/gcc/arm-none-eabi/12.3.1/../../../../arm-none-eabi/lib/thumb/v7e-m+fp/hard\libnosys.a
END GROUP
START GROUP
LOAD D:/STM/STM32CubeIDE_1.16.1/STM32CubeIDE/plugins/com.st.stm32cube.ide.mcu.externaltools.gnu-tools-for-stm32.12.3.rel1.win32_1.0.200.202406191623/tools/bin/../lib/gcc/arm-none-eabi/12.3.1/thumb/v7e-m+fp/hard\libgcc.a
LOAD D:/STM/STM32CubeIDE_1.16.1/STM32CubeIDE/plugins/com.st.stm32cube.ide.mcu.externaltools.gnu-tools-for-stm32.12.3.rel1.win32_1.0.200.202406191623/tools/bin/../lib/gcc/arm-none-eabi/12.3.1/../../../../arm-none-eabi/lib/thumb/v7e-m+fp/hard\libc_nano.a
LOAD D:/STM/STM32CubeIDE_1.16.1/STM32CubeIDE/plugins/com.st.stm32cube.ide.mcu.externaltools.gnu-tools-for-stm32.12.3.rel1.win32_1.0.200.202406191623/tools/bin/../lib/gcc/arm-none-eabi/12.3.1/../../../../arm-none-eabi/lib/thumb/v7e-m+fp/hard\libnosys.a
END GROUP
LOAD D:/STM/STM32CubeIDE_1.16.1/STM32CubeIDE/plugins/com.st.stm32cube.ide.mcu.externaltools.gnu-tools-for-stm32.12.3.rel1.win32_1.0.200.202406191623/tools/bin/../lib/gcc/arm-none-eabi/12.3.1/thumb/v7e-m+fp/hard/crtend.o
LOAD D:/STM/STM32CubeIDE_1.16.1/STM32CubeIDE/plugins/com.st.stm32cube.ide.mcu.externaltools.gnu-tools-for-stm32.12.3.rel1.win32_1.0.200.202406191623/tools/bin/../lib/gcc/arm-none-eabi/12.3.1/thumb/v7e-m+fp/hard/crtn.o
                0x2000a000                        _estack = (ORIGIN (RAM) + LENGTH (RAM))
                0x00000200                        _Min_Heap_Size = 0x200
                0x00000400                        _Min_Stack_Size = 0x400

.isr_vector     0x08000000      0x188
                0x08000000                        . = ALIGN (0x4)
 *(.isr_vector)
 .isr_vector    0x08000000      0x188 ./Core/Startup/startup_stm32f303vctx.o
                0x08000000                g_pfnVectors
                0x08000188                        . = ALIGN (0x4)

.text           0x08000190     0x8e0c
                0x08000190                        . = ALIGN (0x4)
 *(.text)
 .text          0x08000190       0x40 D:/STM/STM32CubeIDE_1.16.1/STM32CubeIDE/plugins/com.st.stm32cube.ide.mcu.externaltools.gnu-tools-for-stm32.12.3.rel1.win32_1.0.200.202406191623/tools/bin/../lib/gcc/arm-none-eabi/12.3.1/thumb/v7e-m+fp/hard/crtbegin.o
 .text          0x080001d0       0x10 D:/STM/STM32CubeIDE_1.16.1/STM32CubeIDE/plugins/com.st.stm32cube.ide.mcu.externaltools.gnu-tools-for-stm32.12.3.rel1.win32_1.0.200.202406191623/tools/bin/../lib/gcc/arm-none-eabi/12.3.1/../../../../arm-none-eabi/lib/thumb/v7e-m+fp/hard\libc_nano.a(libc_a-strlen.o)
                0x080001d0                strlen
 .text          0x080001e0       0xa0 D:/STM/STM32CubeIDE_1.16.1/STM32CubeIDE/plugins/com.st.stm32cube.ide.mcu.externaltools.gnu-tools-for-stm32.12.3.rel1.win32_1.0.200.202406191623/tools/bin/../lib/gcc/arm-none-eabi/12.3.1/../../../../arm-none-eabi/lib/thumb/v7e-m+fp/hard\libc_nano.a(libc_a-memchr.o)
                0x080001e0                memchr
 *(.text*)
 .text.main     0x08000280       0x24 ./Core/Src/main.o
                0x08000280                main
 .text.SystemClock_Config
                0x080002a4       0xc4 ./Core/Src/main.o
                0x080002a4                SystemClock_Config
 .text.MX_I2C1_Init
                0x08000368       0x80 ./Core/Src/main.o
 .text.MX_SPI1_Init
                0x080003e8       0x7c ./Core/Src/main.o
 .text.MX_GPIO_Init
                0x08000464       0xfc ./Core/Src/main.o
 .text.Error_Handler
                0x08000560        0xc ./Core/Src/main.o
                0x08000560                Error_Handler
 .text.HAL_MspInit
                0x0800056c       0x48 ./Core/Src/stm32f3xx_hal_msp.o
                0x0800056c                HAL_MspInit
 .text.HAL_I2C_MspInit
                0x080005b4       0x88 ./Core/Src/stm32f3xx_hal_msp.o
                0x080005b4                HAL_I2C_MspInit
 .text.HAL_SPI_MspInit
                0x0800063c       0x84 ./Core/Src/stm32f3xx_hal_msp.o
                0x0800063c                HAL_SPI_MspInit
 .text.NMI_Handler
                0x080006c0        0x8 ./Core/Src/stm32f3xx_it.o
                0x080006c0                NMI_Handler
 .text.HardFault_Handler
                0x080006c8        0x8 ./Core/Src/stm32f3xx_it.o
                0x080006c8                HardFault_Handler
 .text.MemManage_Handler
                0x080006d0        0x8 ./Core/Src/stm32f3xx_it.o
                0x080006d0                MemManage_Handler
 .text.BusFault_Handler
                0x080006d8        0x8 ./Core/Src/stm32f3xx_it.o
                0x080006d8                BusFault_Handler
 .text.UsageFault_Handler
                0x080006e0        0x8 ./Core/Src/stm32f3xx_it.o
                0x080006e0                UsageFault_Handler
 .text.SVC_Handler
                0x080006e8        0xe ./Core/Src/stm32f3xx_it.o
                0x080006e8                SVC_Handler
 .text.DebugMon_Handler
                0x080006f6        0xe ./Core/Src/stm32f3xx_it.o
                0x080006f6                DebugMon_Handler
 .text.PendSV_Handler
                0x08000704        0xe ./Core/Src/stm32f3xx_it.o
                0x08000704                PendSV_Handler
 .text.SysTick_Handler
                0x08000712        0xc ./Core/Src/stm32f3xx_it.o
                0x08000712                SysTick_Handler
 *fill*         0x0800071e        0x2 
 .text.USB_LP_CAN_RX0_IRQHandler
                0x08000720       0x14 ./Core/Src/stm32f3xx_it.o
                0x08000720                USB_LP_CAN_RX0_IRQHandler
 .text._sbrk    0x08000734       0x6c ./Core/Src/sysmem.o
                0x08000734                _sbrk
 .text.SystemInit
                0x080007a0       0x24 ./Core/Src/system_stm32f3xx.o
                0x080007a0                SystemInit
 .text.Reset_Handler
                0x080007c4       0x50 ./Core/Startup/startup_stm32f303vctx.o
                0x080007c4                Reset_Handler
 .text.Default_Handler
                0x08000814        0x2 ./Core/Startup/startup_stm32f303vctx.o
                0x08000814                RTC_Alarm_IRQHandler
                0x08000814                TIM8_TRG_COM_IRQHandler
                0x08000814                TIM8_CC_IRQHandler
                0x08000814                TIM1_CC_IRQHandler
                0x08000814                USB_HP_IRQHandler
                0x08000814                PVD_IRQHandler
                0x08000814                TAMP_STAMP_IRQHandler
                0x08000814                EXTI3_IRQHandler
                0x08000814                USB_HP_CAN_TX_IRQHandler
                0x08000814                EXTI0_IRQHandler
                0x08000814                I2C2_EV_IRQHandler
                0x08000814                FPU_IRQHandler
                0x08000814                TIM1_UP_TIM16_IRQHandler
                0x08000814                ADC1_2_IRQHandler
                0x08000814                SPI1_IRQHandler
                0x08000814                CAN_SCE_IRQHandler
                0x08000814                TIM6_DAC_IRQHandler
                0x08000814                TIM8_UP_IRQHandler
                0x08000814                DMA2_Channel2_IRQHandler
                0x08000814                DMA1_Channel4_IRQHandler
                0x08000814                USART3_IRQHandler
                0x08000814                DMA1_Channel7_IRQHandler
                0x08000814                UART5_IRQHandler
                0x08000814                ADC3_IRQHandler
                0x08000814                TIM4_IRQHandler
                0x08000814                CAN_RX1_IRQHandler
                0x08000814                DMA2_Channel1_IRQHandler
                0x08000814                I2C1_EV_IRQHandler
                0x08000814                DMA1_Channel6_IRQHandler
                0x08000814                UART4_IRQHandler
                0x08000814                DMA2_Channel4_IRQHandler
                0x08000814                TIM3_IRQHandler
                0x08000814                RCC_IRQHandler
                0x08000814                DMA1_Channel1_IRQHandler
                0x08000814                Default_Handler
                0x08000814                USBWakeUp_RMP_IRQHandler
                0x08000814                EXTI15_10_IRQHandler
                0x08000814                TIM7_IRQHandler
                0x08000814                EXTI9_5_IRQHandler
                0x08000814                RTC_WKUP_IRQHandler
                0x08000814                SPI2_IRQHandler
                0x08000814                DMA2_Channel5_IRQHandler
                0x08000814                DMA1_Channel5_IRQHandler
                0x08000814                USB_LP_IRQHandler
                0x08000814                EXTI4_IRQHandler
                0x08000814                TIM1_TRG_COM_TIM17_IRQHandler
                0x08000814                DMA1_Channel3_IRQHandler
                0x08000814                ADC4_IRQHandler
                0x08000814                WWDG_IRQHandler
                0x08000814                TIM2_IRQHandler
                0x08000814                COMP7_IRQHandler
                0x08000814                COMP1_2_3_IRQHandler
                0x08000814                EXTI1_IRQHandler
                0x08000814                USART2_IRQHandler
                0x08000814                COMP4_5_6_IRQHandler
                0x08000814                I2C2_ER_IRQHandler
                0x08000814                DMA1_Channel2_IRQHandler
                0x08000814                TIM8_BRK_IRQHandler
                0x08000814                FLASH_IRQHandler
                0x08000814                USART1_IRQHandler
                0x08000814                SPI3_IRQHandler
                0x08000814                I2C1_ER_IRQHandler
                0x08000814                USBWakeUp_IRQHandler
                0x08000814                DMA2_Channel3_IRQHandler
                0x08000814                EXTI2_TSC_IRQHandler
                0x08000814                TIM1_BRK_TIM15_IRQHandler
 *fill*         0x08000816        0x2 
 .text.HAL_Init
                0x08000818       0x2c ./Drivers/STM32F3xx_HAL_Driver/Src/stm32f3xx_hal.o
                0x08000818                HAL_Init
 .text.HAL_InitTick
                0x08000844       0x60 ./Drivers/STM32F3xx_HAL_Driver/Src/stm32f3xx_hal.o
                0x08000844                HAL_InitTick
 .text.HAL_IncTick
                0x080008a4       0x28 ./Drivers/STM32F3xx_HAL_Driver/Src/stm32f3xx_hal.o
                0x080008a4                HAL_IncTick
 .text.HAL_GetTick
                0x080008cc       0x18 ./Drivers/STM32F3xx_HAL_Driver/Src/stm32f3xx_hal.o
                0x080008cc                HAL_GetTick
 .text.__NVIC_SetPriorityGrouping
                0x080008e4       0x48 ./Drivers/STM32F3xx_HAL_Driver/Src/stm32f3xx_hal_cortex.o
 .text.__NVIC_GetPriorityGrouping
                0x0800092c       0x1c ./Drivers/STM32F3xx_HAL_Driver/Src/stm32f3xx_hal_cortex.o
 .text.__NVIC_EnableIRQ
                0x08000948       0x3c ./Drivers/STM32F3xx_HAL_Driver/Src/stm32f3xx_hal_cortex.o
 .text.__NVIC_SetPriority
                0x08000984       0x54 ./Drivers/STM32F3xx_HAL_Driver/Src/stm32f3xx_hal_cortex.o
 .text.NVIC_EncodePriority
                0x080009d8       0x66 ./Drivers/STM32F3xx_HAL_Driver/Src/stm32f3xx_hal_cortex.o
 *fill*         0x08000a3e        0x2 
 .text.SysTick_Config
                0x08000a40       0x44 ./Drivers/STM32F3xx_HAL_Driver/Src/stm32f3xx_hal_cortex.o
 .text.HAL_NVIC_SetPriorityGrouping
                0x08000a84       0x16 ./Drivers/STM32F3xx_HAL_Driver/Src/stm32f3xx_hal_cortex.o
                0x08000a84                HAL_NVIC_SetPriorityGrouping
 .text.HAL_NVIC_SetPriority
                0x08000a9a       0x38 ./Drivers/STM32F3xx_HAL_Driver/Src/stm32f3xx_hal_cortex.o
                0x08000a9a                HAL_NVIC_SetPriority
 .text.HAL_NVIC_EnableIRQ
                0x08000ad2       0x1c ./Drivers/STM32F3xx_HAL_Driver/Src/stm32f3xx_hal_cortex.o
                0x08000ad2                HAL_NVIC_EnableIRQ
 .text.HAL_SYSTICK_Config
                0x08000aee       0x18 ./Drivers/STM32F3xx_HAL_Driver/Src/stm32f3xx_hal_cortex.o
                0x08000aee                HAL_SYSTICK_Config
 *fill*         0x08000b06        0x2 
 .text.HAL_GPIO_Init
                0x08000b08      0x2f4 ./Drivers/STM32F3xx_HAL_Driver/Src/stm32f3xx_hal_gpio.o
                0x08000b08                HAL_GPIO_Init
 .text.HAL_GPIO_WritePin
                0x08000dfc       0x30 ./Drivers/STM32F3xx_HAL_Driver/Src/stm32f3xx_hal_gpio.o
                0x08000dfc                HAL_GPIO_WritePin
 .text.HAL_GPIO_TogglePin
                0x08000e2c       0x34 ./Drivers/STM32F3xx_HAL_Driver/Src/stm32f3xx_hal_gpio.o
                0x08000e2c                HAL_GPIO_TogglePin
 .text.HAL_I2C_Init
                0x08000e60      0x136 ./Drivers/STM32F3xx_HAL_Driver/Src/stm32f3xx_hal_i2c.o
                0x08000e60                HAL_I2C_Init
 .text.HAL_I2CEx_ConfigAnalogFilter
                0x08000f96       0x96 ./Drivers/STM32F3xx_HAL_Driver/Src/stm32f3xx_hal_i2c_ex.o
                0x08000f96                HAL_I2CEx_ConfigAnalogFilter
 .text.HAL_I2CEx_ConfigDigitalFilter
                0x0800102c       0x98 ./Drivers/STM32F3xx_HAL_Driver/Src/stm32f3xx_hal_i2c_ex.o
                0x0800102c                HAL_I2CEx_ConfigDigitalFilter
 .text.HAL_PCD_Init
                0x080010c4      0x18e ./Drivers/STM32F3xx_HAL_Driver/Src/stm32f3xx_hal_pcd.o
                0x080010c4                HAL_PCD_Init
 .text.HAL_PCD_Start
                0x08001252       0x4c ./Drivers/STM32F3xx_HAL_Driver/Src/stm32f3xx_hal_pcd.o
                0x08001252                HAL_PCD_Start
 .text.HAL_PCD_IRQHandler
                0x0800129e      0x1a8 ./Drivers/STM32F3xx_HAL_Driver/Src/stm32f3xx_hal_pcd.o
                0x0800129e                HAL_PCD_IRQHandler
 .text.HAL_PCD_SetAddress
                0x08001446       0x48 ./Drivers/STM32F3xx_HAL_Driver/Src/stm32f3xx_hal_pcd.o
                0x08001446                HAL_PCD_SetAddress
 .text.HAL_PCD_EP_Open
                0x0800148e       0xba ./Drivers/STM32F3xx_HAL_Driver/Src/stm32f3xx_hal_pcd.o
                0x0800148e                HAL_PCD_EP_Open
 .text.HAL_PCD_EP_Close
                0x08001548       0x90 ./Drivers/STM32F3xx_HAL_Driver/Src/stm32f3xx_hal_pcd.o
                0x08001548                HAL_PCD_EP_Close
 .text.HAL_PCD_EP_Receive
                0x080015d8       0x62 ./Drivers/STM32F3xx_HAL_Driver/Src/stm32f3xx_hal_pcd.o
                0x080015d8                HAL_PCD_EP_Receive
 .text.HAL_PCD_EP_GetRxCount
                0x0800163a       0x30 ./Drivers/STM32F3xx_HAL_Driver/Src/stm32f3xx_hal_pcd.o
                0x0800163a                HAL_PCD_EP_GetRxCount
 .text.HAL_PCD_EP_Transmit
                0x0800166a       0x6e ./Drivers/STM32F3xx_HAL_Driver/Src/stm32f3xx_hal_pcd.o
                0x0800166a                HAL_PCD_EP_Transmit
 .text.HAL_PCD_EP_SetStall
                0x080016d8       0xa4 ./Drivers/STM32F3xx_HAL_Driver/Src/stm32f3xx_hal_pcd.o
                0x080016d8                HAL_PCD_EP_SetStall
 .text.HAL_PCD_EP_ClrStall
                0x0800177c       0xa8 ./Drivers/STM32F3xx_HAL_Driver/Src/stm32f3xx_hal_pcd.o
                0x0800177c                HAL_PCD_EP_ClrStall
 .text.PCD_EP_ISR_Handler
                0x08001824      0x6aa ./Drivers/STM32F3xx_HAL_Driver/Src/stm32f3xx_hal_pcd.o
 .text.HAL_PCD_EP_DB_Receive
                0x08001ece      0x21a ./Drivers/STM32F3xx_HAL_Driver/Src/stm32f3xx_hal_pcd.o
 .text.HAL_PCD_EP_DB_Transmit
                0x080020e8      0x880 ./Drivers/STM32F3xx_HAL_Driver/Src/stm32f3xx_hal_pcd.o
 .text.HAL_PCDEx_PMAConfig
                0x08002968       0x86 ./Drivers/STM32F3xx_HAL_Driver/Src/stm32f3xx_hal_pcd_ex.o
                0x08002968                HAL_PCDEx_PMAConfig
 *fill*         0x080029ee        0x2 
 .text.HAL_RCC_OscConfig
                0x080029f0     0x107c ./Drivers/STM32F3xx_HAL_Driver/Src/stm32f3xx_hal_rcc.o
                0x080029f0                HAL_RCC_OscConfig
 .text.HAL_RCC_ClockConfig
                0x08003a6c      0x2f8 ./Drivers/STM32F3xx_HAL_Driver/Src/stm32f3xx_hal_rcc.o
                0x08003a6c                HAL_RCC_ClockConfig
 .text.HAL_RCC_GetSysClockFreq
                0x08003d64       0xa8 ./Drivers/STM32F3xx_HAL_Driver/Src/stm32f3xx_hal_rcc.o
                0x08003d64                HAL_RCC_GetSysClockFreq
 .text.HAL_RCCEx_PeriphCLKConfig
                0x08003e0c      0x360 ./Drivers/STM32F3xx_HAL_Driver/Src/stm32f3xx_hal_rcc_ex.o
                0x08003e0c                HAL_RCCEx_PeriphCLKConfig
 .text.HAL_SPI_Init
                0x0800416c      0x156 ./Drivers/STM32F3xx_HAL_Driver/Src/stm32f3xx_hal_spi.o
                0x0800416c                HAL_SPI_Init
 .text.USB_EnableGlobalInt
                0x080042c2       0x2e ./Drivers/STM32F3xx_HAL_Driver/Src/stm32f3xx_ll_usb.o
                0x080042c2                USB_EnableGlobalInt
 .text.USB_DisableGlobalInt
                0x080042f0       0x36 ./Drivers/STM32F3xx_HAL_Driver/Src/stm32f3xx_ll_usb.o
                0x080042f0                USB_DisableGlobalInt
 .text.USB_DevInit
                0x08004326       0x3c ./Drivers/STM32F3xx_HAL_Driver/Src/stm32f3xx_ll_usb.o
                0x08004326                USB_DevInit
 *fill*         0x08004362        0x2 
 .text.USB_ActivateEndpoint
                0x08004364      0x9d0 ./Drivers/STM32F3xx_HAL_Driver/Src/stm32f3xx_ll_usb.o
                0x08004364                USB_ActivateEndpoint
 .text.USB_DeactivateEndpoint
                0x08004d34      0x3da ./Drivers/STM32F3xx_HAL_Driver/Src/stm32f3xx_ll_usb.o
                0x08004d34                USB_DeactivateEndpoint
 .text.USB_EPStartXfer
                0x0800510e      0xb5e ./Drivers/STM32F3xx_HAL_Driver/Src/stm32f3xx_ll_usb.o
                0x0800510e                USB_EPStartXfer
 .text.USB_EPSetStall
                0x08005c6c       0xa2 ./Drivers/STM32F3xx_HAL_Driver/Src/stm32f3xx_ll_usb.o
                0x08005c6c                USB_EPSetStall
 .text.USB_EPClearStall
                0x08005d0e      0x152 ./Drivers/STM32F3xx_HAL_Driver/Src/stm32f3xx_ll_usb.o
                0x08005d0e                USB_EPClearStall
 .text.USB_SetDevAddress
                0x08005e60       0x28 ./Drivers/STM32F3xx_HAL_Driver/Src/stm32f3xx_ll_usb.o
                0x08005e60                USB_SetDevAddress
 .text.USB_DevConnect
                0x08005e88       0x16 ./Drivers/STM32F3xx_HAL_Driver/Src/stm32f3xx_ll_usb.o
                0x08005e88                USB_DevConnect
 .text.USB_ReadInterrupts
                0x08005e9e       0x20 ./Drivers/STM32F3xx_HAL_Driver/Src/stm32f3xx_ll_usb.o
                0x08005e9e                USB_ReadInterrupts
 .text.USB_WritePMA
                0x08005ebe       0x8c ./Drivers/STM32F3xx_HAL_Driver/Src/stm32f3xx_ll_usb.o
                0x08005ebe                USB_WritePMA
 .text.USB_ReadPMA
                0x08005f4a       0xa0 ./Drivers/STM32F3xx_HAL_Driver/Src/stm32f3xx_ll_usb.o
                0x08005f4a                USB_ReadPMA
 .text.USBD_CDC_Init
                0x08005fea       0xf4 ./Middlewares/ST/STM32_USB_Device_Library/Class/CDC/Src/usbd_cdc.o
 .text.USBD_CDC_DeInit
                0x080060de       0x6e ./Middlewares/ST/STM32_USB_Device_Library/Class/CDC/Src/usbd_cdc.o
 .text.USBD_CDC_Setup
                0x0800614c      0x146 ./Middlewares/ST/STM32_USB_Device_Library/Class/CDC/Src/usbd_cdc.o
 .text.USBD_CDC_DataIn
                0x08006292       0xa6 ./Middlewares/ST/STM32_USB_Device_Library/Class/CDC/Src/usbd_cdc.o
 .text.USBD_CDC_DataOut
                0x08006338       0x56 ./Middlewares/ST/STM32_USB_Device_Library/Class/CDC/Src/usbd_cdc.o
 .text.USBD_CDC_EP0_RxReady
                0x0800638e       0x4e ./Middlewares/ST/STM32_USB_Device_Library/Class/CDC/Src/usbd_cdc.o
 .text.USBD_CDC_GetFSCfgDesc
                0x080063dc       0x20 ./Middlewares/ST/STM32_USB_Device_Library/Class/CDC/Src/usbd_cdc.o
 .text.USBD_CDC_GetHSCfgDesc
                0x080063fc       0x20 ./Middlewares/ST/STM32_USB_Device_Library/Class/CDC/Src/usbd_cdc.o
 .text.USBD_CDC_GetOtherSpeedCfgDesc
                0x0800641c       0x20 ./Middlewares/ST/STM32_USB_Device_Library/Class/CDC/Src/usbd_cdc.o
 .text.USBD_CDC_GetDeviceQualifierDescriptor
                0x0800643c       0x20 ./Middlewares/ST/STM32_USB_Device_Library/Class/CDC/Src/usbd_cdc.o
                0x0800643c                USBD_CDC_GetDeviceQualifierDescriptor
 .text.USBD_CDC_RegisterInterface
                0x0800645c       0x2e ./Middlewares/ST/STM32_USB_Device_Library/Class/CDC/Src/usbd_cdc.o
                0x0800645c                USBD_CDC_RegisterInterface
 .text.USBD_CDC_SetTxBuffer
                0x0800648a       0x34 ./Middlewares/ST/STM32_USB_Device_Library/Class/CDC/Src/usbd_cdc.o
                0x0800648a                USBD_CDC_SetTxBuffer
 .text.USBD_CDC_SetRxBuffer
                0x080064be       0x28 ./Middlewares/ST/STM32_USB_Device_Library/Class/CDC/Src/usbd_cdc.o
                0x080064be                USBD_CDC_SetRxBuffer
 .text.USBD_CDC_TransmitPacket
                0x080064e6       0x5e ./Middlewares/ST/STM32_USB_Device_Library/Class/CDC/Src/usbd_cdc.o
                0x080064e6                USBD_CDC_TransmitPacket
 .text.USBD_CDC_ReceivePacket
                0x08006544       0x54 ./Middlewares/ST/STM32_USB_Device_Library/Class/CDC/Src/usbd_cdc.o
                0x08006544                USBD_CDC_ReceivePacket
 .text.USBD_Init
                0x08006598       0x56 ./Middlewares/ST/STM32_USB_Device_Library/Core/Src/usbd_core.o
                0x08006598                USBD_Init
 .text.USBD_RegisterClass
                0x080065ee       0x34 ./Middlewares/ST/STM32_USB_Device_Library/Core/Src/usbd_core.o
                0x080065ee                USBD_RegisterClass
 .text.USBD_Start
                0x08006622       0x18 ./Middlewares/ST/STM32_USB_Device_Library/Core/Src/usbd_core.o
                0x08006622                USBD_Start
 .text.USBD_RunTestMode
                0x0800663a       0x16 ./Middlewares/ST/STM32_USB_Device_Library/Core/Src/usbd_core.o
                0x0800663a                USBD_RunTestMode
 .text.USBD_SetClassConfig
                0x08006650       0x3e ./Middlewares/ST/STM32_USB_Device_Library/Core/Src/usbd_core.o
                0x08006650                USBD_SetClassConfig
 .text.USBD_ClrClassConfig
                0x0800668e       0x26 ./Middlewares/ST/STM32_USB_Device_Library/Core/Src/usbd_core.o
                0x0800668e                USBD_ClrClassConfig
 .text.USBD_LL_SetupStage
                0x080066b4       0x9a ./Middlewares/ST/STM32_USB_Device_Library/Core/Src/usbd_core.o
                0x080066b4                USBD_LL_SetupStage
 .text.USBD_LL_DataOutStage
                0x0800674e       0xe2 ./Middlewares/ST/STM32_USB_Device_Library/Core/Src/usbd_core.o
                0x0800674e                USBD_LL_DataOutStage
 .text.USBD_LL_DataInStage
                0x08006830      0x14a ./Middlewares/ST/STM32_USB_Device_Library/Core/Src/usbd_core.o
                0x08006830                USBD_LL_DataInStage
 .text.USBD_LL_Reset
                0x0800697a       0x82 ./Middlewares/ST/STM32_USB_Device_Library/Core/Src/usbd_core.o
                0x0800697a                USBD_LL_Reset
 .text.USBD_LL_SetSpeed
                0x080069fc       0x20 ./Middlewares/ST/STM32_USB_Device_Library/Core/Src/usbd_core.o
                0x080069fc                USBD_LL_SetSpeed
 .text.USBD_LL_Suspend
                0x08006a1c       0x2a ./Middlewares/ST/STM32_USB_Device_Library/Core/Src/usbd_core.o
                0x08006a1c                USBD_LL_Suspend
 .text.USBD_LL_Resume
                0x08006a46       0x2c ./Middlewares/ST/STM32_USB_Device_Library/Core/Src/usbd_core.o
                0x08006a46                USBD_LL_Resume
 .text.USBD_LL_SOF
                0x08006a72       0x34 ./Middlewares/ST/STM32_USB_Device_Library/Core/Src/usbd_core.o
                0x08006a72                USBD_LL_SOF
 *fill*         0x08006aa6        0x2 
 .text.USBD_StdDevReq
                0x08006aa8       0xd4 ./Middlewares/ST/STM32_USB_Device_Library/Core/Src/usbd_ctlreq.o
                0x08006aa8                USBD_StdDevReq
 .text.USBD_StdItfReq
                0x08006b7c       0x90 ./Middlewares/ST/STM32_USB_Device_Library/Core/Src/usbd_ctlreq.o
                0x08006b7c                USBD_StdItfReq
 .text.USBD_StdEPReq
                0x08006c0c      0x2c6 ./Middlewares/ST/STM32_USB_Device_Library/Core/Src/usbd_ctlreq.o
                0x08006c0c                USBD_StdEPReq
 *fill*         0x08006ed2        0x2 
 .text.USBD_GetDescriptor
                0x08006ed4      0x2d0 ./Middlewares/ST/STM32_USB_Device_Library/Core/Src/usbd_ctlreq.o
 .text.USBD_SetAddress
                0x080071a4       0x86 ./Middlewares/ST/STM32_USB_Device_Library/Core/Src/usbd_ctlreq.o
 *fill*         0x0800722a        0x2 
 .text.USBD_SetConfig
                0x0800722c      0x11c ./Middlewares/ST/STM32_USB_Device_Library/Core/Src/usbd_ctlreq.o
 .text.USBD_GetConfig
                0x08007348       0x6a ./Middlewares/ST/STM32_USB_Device_Library/Core/Src/usbd_ctlreq.o
 .text.USBD_GetStatus
                0x080073b2       0x66 ./Middlewares/ST/STM32_USB_Device_Library/Core/Src/usbd_ctlreq.o
 .text.USBD_SetFeature
                0x08007418       0x28 ./Middlewares/ST/STM32_USB_Device_Library/Core/Src/usbd_ctlreq.o
 .text.USBD_ClrFeature
                0x08007440       0x42 ./Middlewares/ST/STM32_USB_Device_Library/Core/Src/usbd_ctlreq.o
 .text.USBD_ParseSetupRequest
                0x08007482       0x74 ./Middlewares/ST/STM32_USB_Device_Library/Core/Src/usbd_ctlreq.o
                0x08007482                USBD_ParseSetupRequest
 .text.USBD_CtlError
                0x080074f6       0x22 ./Middlewares/ST/STM32_USB_Device_Library/Core/Src/usbd_ctlreq.o
                0x080074f6                USBD_CtlError
 .text.USBD_GetString
                0x08007518       0x84 ./Middlewares/ST/STM32_USB_Device_Library/Core/Src/usbd_ctlreq.o
                0x08007518                USBD_GetString
 .text.USBD_GetLen
                0x0800759c       0x30 ./Middlewares/ST/STM32_USB_Device_Library/Core/Src/usbd_ctlreq.o
 .text.USBD_CtlSendData
                0x080075cc       0x38 ./Middlewares/ST/STM32_USB_Device_Library/Core/Src/usbd_ioreq.o
                0x080075cc                USBD_CtlSendData
 .text.USBD_CtlContinueSendData
                0x08007604       0x24 ./Middlewares/ST/STM32_USB_Device_Library/Core/Src/usbd_ioreq.o
                0x08007604                USBD_CtlContinueSendData
 .text.USBD_CtlPrepareRx
                0x08007628       0x3c ./Middlewares/ST/STM32_USB_Device_Library/Core/Src/usbd_ioreq.o
                0x08007628                USBD_CtlPrepareRx
 .text.USBD_CtlContinueRx
                0x08007664       0x24 ./Middlewares/ST/STM32_USB_Device_Library/Core/Src/usbd_ioreq.o
                0x08007664                USBD_CtlContinueRx
 .text.USBD_CtlSendStatus
                0x08007688       0x26 ./Middlewares/ST/STM32_USB_Device_Library/Core/Src/usbd_ioreq.o
                0x08007688                USBD_CtlSendStatus
 .text.USBD_CtlReceiveStatus
                0x080076ae       0x26 ./Middlewares/ST/STM32_USB_Device_Library/Core/Src/usbd_ioreq.o
                0x080076ae                USBD_CtlReceiveStatus
 .text.MX_USB_DEVICE_Init
                0x080076d4       0x60 ./USB_DEVICE/App/usb_device.o
                0x080076d4                MX_USB_DEVICE_Init
 .text.Process_Command
                0x08007734      0x370 ./USB_DEVICE/App/usbd_cdc_if.o
                0x08007734                Process_Command
 .text.Update_LED_Blink
                0x08007aa4       0xc4 ./USB_DEVICE/App/usbd_cdc_if.o
                0x08007aa4                Update_LED_Blink
 .text.CDC_Init_FS
                0x08007b68       0x28 ./USB_DEVICE/App/usbd_cdc_if.o
 .text.CDC_DeInit_FS
                0x08007b90       0x10 ./USB_DEVICE/App/usbd_cdc_if.o
 .text.CDC_Control_FS
                0x08007ba0       0xbc ./USB_DEVICE/App/usbd_cdc_if.o
 .text.CDC_Receive_FS
                0x08007c5c       0xa8 ./USB_DEVICE/App/usbd_cdc_if.o
 .text.CDC_Transmit_FS
                0x08007d04       0x4c ./USB_DEVICE/App/usbd_cdc_if.o
                0x08007d04                CDC_Transmit_FS
 .text.USBD_FS_DeviceDescriptor
                0x08007d50       0x24 ./USB_DEVICE/App/usbd_desc.o
                0x08007d50                USBD_FS_DeviceDescriptor
 .text.USBD_FS_LangIDStrDescriptor
                0x08007d74       0x24 ./USB_DEVICE/App/usbd_desc.o
                0x08007d74                USBD_FS_LangIDStrDescriptor
 .text.USBD_FS_ProductStrDescriptor
                0x08007d98       0x3c ./USB_DEVICE/App/usbd_desc.o
                0x08007d98                USBD_FS_ProductStrDescriptor
 .text.USBD_FS_ManufacturerStrDescriptor
                0x08007dd4       0x28 ./USB_DEVICE/App/usbd_desc.o
                0x08007dd4                USBD_FS_ManufacturerStrDescriptor
 .text.USBD_FS_SerialStrDescriptor
                0x08007dfc       0x24 ./USB_DEVICE/App/usbd_desc.o
                0x08007dfc                USBD_FS_SerialStrDescriptor
 .text.USBD_FS_ConfigStrDescriptor
                0x08007e20       0x3c ./USB_DEVICE/App/usbd_desc.o
                0x08007e20                USBD_FS_ConfigStrDescriptor
 .text.USBD_FS_InterfaceStrDescriptor
                0x08007e5c       0x3c ./USB_DEVICE/App/usbd_desc.o
                0x08007e5c                USBD_FS_InterfaceStrDescriptor
 .text.Get_SerialNum
                0x08007e98       0x58 ./USB_DEVICE/App/usbd_desc.o
 .text.IntToUnicode
                0x08007ef0       0x7e ./USB_DEVICE/App/usbd_desc.o
 *fill*         0x08007f6e        0x2 
 .text.HAL_PCD_MspInit
                0x08007f70       0x98 ./USB_DEVICE/Target/usbd_conf.o
                0x08007f70                HAL_PCD_MspInit
 .text.HAL_PCD_SetupStageCallback
                0x08008008       0x24 ./USB_DEVICE/Target/usbd_conf.o
                0x08008008                HAL_PCD_SetupStageCallback
 .text.HAL_PCD_DataOutStageCallback
                0x0800802c       0x36 ./USB_DEVICE/Target/usbd_conf.o
                0x0800802c                HAL_PCD_DataOutStageCallback
 .text.HAL_PCD_DataInStageCallback
                0x08008062       0x34 ./USB_DEVICE/Target/usbd_conf.o
                0x08008062                HAL_PCD_DataInStageCallback
 .text.HAL_PCD_SOFCallback
                0x08008096       0x1c ./USB_DEVICE/Target/usbd_conf.o
                0x08008096                HAL_PCD_SOFCallback
 .text.HAL_PCD_ResetCallback
                0x080080b2       0x3c ./USB_DEVICE/Target/usbd_conf.o
                0x080080b2                HAL_PCD_ResetCallback
 *fill*         0x080080ee        0x2 
 .text.HAL_PCD_SuspendCallback
                0x080080f0       0x34 ./USB_DEVICE/Target/usbd_conf.o
                0x080080f0                HAL_PCD_SuspendCallback
 .text.HAL_PCD_ResumeCallback
                0x08008124       0x1c ./USB_DEVICE/Target/usbd_conf.o
                0x08008124                HAL_PCD_ResumeCallback
 .text.USBD_LL_Init
                0x08008140       0xb4 ./USB_DEVICE/Target/usbd_conf.o
                0x08008140                USBD_LL_Init
 .text.USBD_LL_Start
                0x080081f4       0x36 ./USB_DEVICE/Target/usbd_conf.o
                0x080081f4                USBD_LL_Start
 .text.USBD_LL_OpenEP
                0x0800822a       0x4c ./USB_DEVICE/Target/usbd_conf.o
                0x0800822a                USBD_LL_OpenEP
 .text.USBD_LL_CloseEP
                0x08008276       0x3e ./USB_DEVICE/Target/usbd_conf.o
                0x08008276                USBD_LL_CloseEP
 .text.USBD_LL_StallEP
                0x080082b4       0x3e ./USB_DEVICE/Target/usbd_conf.o
                0x080082b4                USBD_LL_StallEP
 .text.USBD_LL_ClearStallEP
                0x080082f2       0x3e ./USB_DEVICE/Target/usbd_conf.o
                0x080082f2                USBD_LL_ClearStallEP
 .text.USBD_LL_IsStallEP
                0x08008330       0x58 ./USB_DEVICE/Target/usbd_conf.o
                0x08008330                USBD_LL_IsStallEP
 .text.USBD_LL_SetUSBAddress
                0x08008388       0x3e ./USB_DEVICE/Target/usbd_conf.o
                0x08008388                USBD_LL_SetUSBAddress
 .text.USBD_LL_Transmit
                0x080083c6       0x46 ./USB_DEVICE/Target/usbd_conf.o
                0x080083c6                USBD_LL_Transmit
 .text.USBD_LL_PrepareReceive
                0x0800840c       0x46 ./USB_DEVICE/Target/usbd_conf.o
                0x0800840c                USBD_LL_PrepareReceive
 .text.USBD_LL_GetRxDataSize
                0x08008452       0x26 ./USB_DEVICE/Target/usbd_conf.o
                0x08008452                USBD_LL_GetRxDataSize
 .text.USBD_static_malloc
                0x08008478       0x1c ./USB_DEVICE/Target/usbd_conf.o
                0x08008478                USBD_static_malloc
 .text.USBD_static_free
                0x08008494       0x14 ./USB_DEVICE/Target/usbd_conf.o
                0x08008494                USBD_static_free
 .text.HAL_PCDEx_SetConnectionState
                0x080084a8       0x18 ./USB_DEVICE/Target/usbd_conf.o
                0x080084a8                HAL_PCDEx_SetConnectionState
 .text.USBD_Get_USB_Status
                0x080084c0       0x58 ./USB_DEVICE/Target/usbd_conf.o
 .text.atoi     0x08008518        0x8 D:/STM/STM32CubeIDE_1.16.1/STM32CubeIDE/plugins/com.st.stm32cube.ide.mcu.externaltools.gnu-tools-for-stm32.12.3.rel1.win32_1.0.200.202406191623/tools/bin/../lib/gcc/arm-none-eabi/12.3.1/../../../../arm-none-eabi/lib/thumb/v7e-m+fp/hard\libc_nano.a(libc_a-atoi.o)
                0x08008518                atoi
 .text._strtol_l.constprop.0
                0x08008520       0xf4 D:/STM/STM32CubeIDE_1.16.1/STM32CubeIDE/plugins/com.st.stm32cube.ide.mcu.externaltools.gnu-tools-for-stm32.12.3.rel1.win32_1.0.200.202406191623/tools/bin/../lib/gcc/arm-none-eabi/12.3.1/../../../../arm-none-eabi/lib/thumb/v7e-m+fp/hard\libc_nano.a(libc_a-strtol.o)
 .text.strtol   0x08008614       0x14 D:/STM/STM32CubeIDE_1.16.1/STM32CubeIDE/plugins/com.st.stm32cube.ide.mcu.externaltools.gnu-tools-for-stm32.12.3.rel1.win32_1.0.200.202406191623/tools/bin/../lib/gcc/arm-none-eabi/12.3.1/../../../../arm-none-eabi/lib/thumb/v7e-m+fp/hard\libc_nano.a(libc_a-strtol.o)
                0x08008614                strtol
 .text.sprintf  0x08008628       0x40 D:/STM/STM32CubeIDE_1.16.1/STM32CubeIDE/plugins/com.st.stm32cube.ide.mcu.externaltools.gnu-tools-for-stm32.12.3.rel1.win32_1.0.200.202406191623/tools/bin/../lib/gcc/arm-none-eabi/12.3.1/../../../../arm-none-eabi/lib/thumb/v7e-m+fp/hard\libc_nano.a(libc_a-sprintf.o)
                0x08008628                siprintf
                0x08008628                sprintf
 .text.memset   0x08008668       0x10 D:/STM/STM32CubeIDE_1.16.1/STM32CubeIDE/plugins/com.st.stm32cube.ide.mcu.externaltools.gnu-tools-for-stm32.12.3.rel1.win32_1.0.200.202406191623/tools/bin/../lib/gcc/arm-none-eabi/12.3.1/../../../../arm-none-eabi/lib/thumb/v7e-m+fp/hard\libc_nano.a(libc_a-memset.o)
                0x08008668                memset
 .text.strchr   0x08008678       0x1a D:/STM/STM32CubeIDE_1.16.1/STM32CubeIDE/plugins/com.st.stm32cube.ide.mcu.externaltools.gnu-tools-for-stm32.12.3.rel1.win32_1.0.200.202406191623/tools/bin/../lib/gcc/arm-none-eabi/12.3.1/../../../../arm-none-eabi/lib/thumb/v7e-m+fp/hard\libc_nano.a(libc_a-strchr.o)
                0x08008678                strchr
 *fill*         0x08008692        0x2 
 .text.__errno  0x08008694        0xc D:/STM/STM32CubeIDE_1.16.1/STM32CubeIDE/plugins/com.st.stm32cube.ide.mcu.externaltools.gnu-tools-for-stm32.12.3.rel1.win32_1.0.200.202406191623/tools/bin/../lib/gcc/arm-none-eabi/12.3.1/../../../../arm-none-eabi/lib/thumb/v7e-m+fp/hard\libc_nano.a(libc_a-errno.o)
                0x08008694                __errno
 .text.__libc_init_array
                0x080086a0       0x48 D:/STM/STM32CubeIDE_1.16.1/STM32CubeIDE/plugins/com.st.stm32cube.ide.mcu.externaltools.gnu-tools-for-stm32.12.3.rel1.win32_1.0.200.202406191623/tools/bin/../lib/gcc/arm-none-eabi/12.3.1/../../../../arm-none-eabi/lib/thumb/v7e-m+fp/hard\libc_nano.a(libc_a-init.o)
                0x080086a0                __libc_init_array
 .text.__retarget_lock_acquire_recursive
                0x080086e8        0x2 D:/STM/STM32CubeIDE_1.16.1/STM32CubeIDE/plugins/com.st.stm32cube.ide.mcu.externaltools.gnu-tools-for-stm32.12.3.rel1.win32_1.0.200.202406191623/tools/bin/../lib/gcc/arm-none-eabi/12.3.1/../../../../arm-none-eabi/lib/thumb/v7e-m+fp/hard\libc_nano.a(libc_a-lock.o)
                0x080086e8                __retarget_lock_acquire_recursive
 .text.__retarget_lock_release_recursive
                0x080086ea        0x2 D:/STM/STM32CubeIDE_1.16.1/STM32CubeIDE/plugins/com.st.stm32cube.ide.mcu.externaltools.gnu-tools-for-stm32.12.3.rel1.win32_1.0.200.202406191623/tools/bin/../lib/gcc/arm-none-eabi/12.3.1/../../../../arm-none-eabi/lib/thumb/v7e-m+fp/hard\libc_nano.a(libc_a-lock.o)
                0x080086ea                __retarget_lock_release_recursive
 .text._free_r  0x080086ec       0x94 D:/STM/STM32CubeIDE_1.16.1/STM32CubeIDE/plugins/com.st.stm32cube.ide.mcu.externaltools.gnu-tools-for-stm32.12.3.rel1.win32_1.0.200.202406191623/tools/bin/../lib/gcc/arm-none-eabi/12.3.1/../../../../arm-none-eabi/lib/thumb/v7e-m+fp/hard\libc_nano.a(libc_a-freer.o)
                0x080086ec                _free_r
 .text.sbrk_aligned
                0x08008780       0x44 D:/STM/STM32CubeIDE_1.16.1/STM32CubeIDE/plugins/com.st.stm32cube.ide.mcu.externaltools.gnu-tools-for-stm32.12.3.rel1.win32_1.0.200.202406191623/tools/bin/../lib/gcc/arm-none-eabi/12.3.1/../../../../arm-none-eabi/lib/thumb/v7e-m+fp/hard\libc_nano.a(libc_a-mallocr.o)
 .text._malloc_r
                0x080087c4      0x100 D:/STM/STM32CubeIDE_1.16.1/STM32CubeIDE/plugins/com.st.stm32cube.ide.mcu.externaltools.gnu-tools-for-stm32.12.3.rel1.win32_1.0.200.202406191623/tools/bin/../lib/gcc/arm-none-eabi/12.3.1/../../../../arm-none-eabi/lib/thumb/v7e-m+fp/hard\libc_nano.a(libc_a-mallocr.o)
                0x080087c4                _malloc_r
 .text.__malloc_lock
                0x080088c4        0xc D:/STM/STM32CubeIDE_1.16.1/STM32CubeIDE/plugins/com.st.stm32cube.ide.mcu.externaltools.gnu-tools-for-stm32.12.3.rel1.win32_1.0.200.202406191623/tools/bin/../lib/gcc/arm-none-eabi/12.3.1/../../../../arm-none-eabi/lib/thumb/v7e-m+fp/hard\libc_nano.a(libc_a-mlock.o)
                0x080088c4                __malloc_lock
 .text.__malloc_unlock
                0x080088d0        0xc D:/STM/STM32CubeIDE_1.16.1/STM32CubeIDE/plugins/com.st.stm32cube.ide.mcu.externaltools.gnu-tools-for-stm32.12.3.rel1.win32_1.0.200.202406191623/tools/bin/../lib/gcc/arm-none-eabi/12.3.1/../../../../arm-none-eabi/lib/thumb/v7e-m+fp/hard\libc_nano.a(libc_a-mlock.o)
                0x080088d0                __malloc_unlock
 .text.__ssputs_r
                0x080088dc       0xb6 D:/STM/STM32CubeIDE_1.16.1/STM32CubeIDE/plugins/com.st.stm32cube.ide.mcu.externaltools.gnu-tools-for-stm32.12.3.rel1.win32_1.0.200.202406191623/tools/bin/../lib/gcc/arm-none-eabi/12.3.1/../../../../arm-none-eabi/lib/thumb/v7e-m+fp/hard\libc_nano.a(libc_a-nano-svfprintf.o)
                0x080088dc                __ssputs_r
 *fill*         0x08008992        0x2 
 .text._svfprintf_r
                0x08008994      0x1f8 D:/STM/STM32CubeIDE_1.16.1/STM32CubeIDE/plugins/com.st.stm32cube.ide.mcu.externaltools.gnu-tools-for-stm32.12.3.rel1.win32_1.0.200.202406191623/tools/bin/../lib/gcc/arm-none-eabi/12.3.1/../../../../arm-none-eabi/lib/thumb/v7e-m+fp/hard\libc_nano.a(libc_a-nano-svfprintf.o)
                0x08008994                _svfiprintf_r
                0x08008994                _svfprintf_r
 .text._printf_common
                0x08008b8c       0xda D:/STM/STM32CubeIDE_1.16.1/STM32CubeIDE/plugins/com.st.stm32cube.ide.mcu.externaltools.gnu-tools-for-stm32.12.3.rel1.win32_1.0.200.202406191623/tools/bin/../lib/gcc/arm-none-eabi/12.3.1/../../../../arm-none-eabi/lib/thumb/v7e-m+fp/hard\libc_nano.a(libc_a-nano-vfprintf_i.o)
                0x08008b8c                _printf_common
 *fill*         0x08008c66        0x2 
 .text._printf_i
                0x08008c68      0x240 D:/STM/STM32CubeIDE_1.16.1/STM32CubeIDE/plugins/com.st.stm32cube.ide.mcu.externaltools.gnu-tools-for-stm32.12.3.rel1.win32_1.0.200.202406191623/tools/bin/../lib/gcc/arm-none-eabi/12.3.1/../../../../arm-none-eabi/lib/thumb/v7e-m+fp/hard\libc_nano.a(libc_a-nano-vfprintf_i.o)
                0x08008c68                _printf_i
 .text.memmove  0x08008ea8       0x34 D:/STM/STM32CubeIDE_1.16.1/STM32CubeIDE/plugins/com.st.stm32cube.ide.mcu.externaltools.gnu-tools-for-stm32.12.3.rel1.win32_1.0.200.202406191623/tools/bin/../lib/gcc/arm-none-eabi/12.3.1/../../../../arm-none-eabi/lib/thumb/v7e-m+fp/hard\libc_nano.a(libc_a-memmove.o)
                0x08008ea8                memmove
 .text._sbrk_r  0x08008edc       0x20 D:/STM/STM32CubeIDE_1.16.1/STM32CubeIDE/plugins/com.st.stm32cube.ide.mcu.externaltools.gnu-tools-for-stm32.12.3.rel1.win32_1.0.200.202406191623/tools/bin/../lib/gcc/arm-none-eabi/12.3.1/../../../../arm-none-eabi/lib/thumb/v7e-m+fp/hard\libc_nano.a(libc_a-sbrkr.o)
                0x08008edc                _sbrk_r
 .text.memcpy   0x08008efc       0x1c D:/STM/STM32CubeIDE_1.16.1/STM32CubeIDE/plugins/com.st.stm32cube.ide.mcu.externaltools.gnu-tools-for-stm32.12.3.rel1.win32_1.0.200.202406191623/tools/bin/../lib/gcc/arm-none-eabi/12.3.1/../../../../arm-none-eabi/lib/thumb/v7e-m+fp/hard\libc_nano.a(libc_a-memcpy-stub.o)
                0x08008efc                memcpy
 .text._realloc_r
                0x08008f18       0x5c D:/STM/STM32CubeIDE_1.16.1/STM32CubeIDE/plugins/com.st.stm32cube.ide.mcu.externaltools.gnu-tools-for-stm32.12.3.rel1.win32_1.0.200.202406191623/tools/bin/../lib/gcc/arm-none-eabi/12.3.1/../../../../arm-none-eabi/lib/thumb/v7e-m+fp/hard\libc_nano.a(libc_a-reallocr.o)
                0x08008f18                _realloc_r
 .text._malloc_usable_size_r
                0x08008f74       0x10 D:/STM/STM32CubeIDE_1.16.1/STM32CubeIDE/plugins/com.st.stm32cube.ide.mcu.externaltools.gnu-tools-for-stm32.12.3.rel1.win32_1.0.200.202406191623/tools/bin/../lib/gcc/arm-none-eabi/12.3.1/../../../../arm-none-eabi/lib/thumb/v7e-m+fp/hard\libc_nano.a(libc_a-msizer.o)
                0x08008f74                _malloc_usable_size_r
 *(.glue_7)
 .glue_7        0x08008f84        0x0 linker stubs
 *(.glue_7t)
 .glue_7t       0x08008f84        0x0 linker stubs
 *(.eh_frame)
 .eh_frame      0x08008f84        0x0 D:/STM/STM32CubeIDE_1.16.1/STM32CubeIDE/plugins/com.st.stm32cube.ide.mcu.externaltools.gnu-tools-for-stm32.12.3.rel1.win32_1.0.200.202406191623/tools/bin/../lib/gcc/arm-none-eabi/12.3.1/thumb/v7e-m+fp/hard/crtbegin.o
 *(.init)
 .init          0x08008f84        0x4 D:/STM/STM32CubeIDE_1.16.1/STM32CubeIDE/plugins/com.st.stm32cube.ide.mcu.externaltools.gnu-tools-for-stm32.12.3.rel1.win32_1.0.200.202406191623/tools/bin/../lib/gcc/arm-none-eabi/12.3.1/thumb/v7e-m+fp/hard/crti.o
                0x08008f84                _init
 .init          0x08008f88        0x8 D:/STM/STM32CubeIDE_1.16.1/STM32CubeIDE/plugins/com.st.stm32cube.ide.mcu.externaltools.gnu-tools-for-stm32.12.3.rel1.win32_1.0.200.202406191623/tools/bin/../lib/gcc/arm-none-eabi/12.3.1/thumb/v7e-m+fp/hard/crtn.o
 *(.fini)
 .fini          0x08008f90        0x4 D:/STM/STM32CubeIDE_1.16.1/STM32CubeIDE/plugins/com.st.stm32cube.ide.mcu.externaltools.gnu-tools-for-stm32.12.3.rel1.win32_1.0.200.202406191623/tools/bin/../lib/gcc/arm-none-eabi/12.3.1/thumb/v7e-m+fp/hard/crti.o
                0x08008f90                _fini
 .fini          0x08008f94        0x8 D:/STM/STM32CubeIDE_1.16.1/STM32CubeIDE/plugins/com.st.stm32cube.ide.mcu.externaltools.gnu-tools-for-stm32.12.3.rel1.win32_1.0.200.202406191623/tools/bin/../lib/gcc/arm-none-eabi/12.3.1/thumb/v7e-m+fp/hard/crtn.o
                0x08008f9c                        . = ALIGN (0x4)
                0x08008f9c                        _etext = .

.vfp11_veneer   0x08008f9c        0x0
 .vfp11_veneer  0x08008f9c        0x0 linker stubs

.v4_bx          0x08008f9c        0x0
 .v4_bx         0x08008f9c        0x0 linker stubs

.iplt           0x08008f9c        0x0
 .iplt          0x08008f9c        0x0 D:/STM/STM32CubeIDE_1.16.1/STM32CubeIDE/plugins/com.st.stm32cube.ide.mcu.externaltools.gnu-tools-for-stm32.12.3.rel1.win32_1.0.200.202406191623/tools/bin/../lib/gcc/arm-none-eabi/12.3.1/thumb/v7e-m+fp/hard/crtbegin.o

.rodata         0x08008f9c      0x1d0
                0x08008f9c                        . = ALIGN (0x4)
 *(.rodata)
 .rodata        0x08008f9c       0x23 ./USB_DEVICE/App/usbd_cdc_if.o
 *fill*         0x08008fbf        0x1 
 .rodata        0x08008fc0       0x46 ./USB_DEVICE/App/usbd_desc.o
 *(.rodata*)
 *fill*         0x08009006        0x2 
 .rodata.AHBPrescTable
                0x08009008       0x10 ./Core/Src/system_stm32f3xx.o
                0x08009008                AHBPrescTable
 .rodata.aPLLMULFactorTable
                0x08009018       0x10 ./Drivers/STM32F3xx_HAL_Driver/Src/stm32f3xx_hal_rcc.o
 .rodata.aPredivFactorTable
                0x08009028       0x10 ./Drivers/STM32F3xx_HAL_Driver/Src/stm32f3xx_hal_rcc.o
 .rodata._ctype_
                0x08009038      0x101 D:/STM/STM32CubeIDE_1.16.1/STM32CubeIDE/plugins/com.st.stm32cube.ide.mcu.externaltools.gnu-tools-for-stm32.12.3.rel1.win32_1.0.200.202406191623/tools/bin/../lib/gcc/arm-none-eabi/12.3.1/../../../../arm-none-eabi/lib/thumb/v7e-m+fp/hard\libc_nano.a(libc_a-ctype_.o)
                0x08009038                _ctype_
 .rodata._svfprintf_r.str1.1
                0x08009139       0x11 D:/STM/STM32CubeIDE_1.16.1/STM32CubeIDE/plugins/com.st.stm32cube.ide.mcu.externaltools.gnu-tools-for-stm32.12.3.rel1.win32_1.0.200.202406191623/tools/bin/../lib/gcc/arm-none-eabi/12.3.1/../../../../arm-none-eabi/lib/thumb/v7e-m+fp/hard\libc_nano.a(libc_a-nano-svfprintf.o)
 .rodata._printf_i.str1.1
                0x0800914a       0x22 D:/STM/STM32CubeIDE_1.16.1/STM32CubeIDE/plugins/com.st.stm32cube.ide.mcu.externaltools.gnu-tools-for-stm32.12.3.rel1.win32_1.0.200.202406191623/tools/bin/../lib/gcc/arm-none-eabi/12.3.1/../../../../arm-none-eabi/lib/thumb/v7e-m+fp/hard\libc_nano.a(libc_a-nano-vfprintf_i.o)
                0x0800916c                        . = ALIGN (0x4)

.ARM.extab      0x0800916c        0x0
                0x0800916c                        . = ALIGN (0x4)
 *(.ARM.extab* .gnu.linkonce.armextab.*)
                0x0800916c                        . = ALIGN (0x4)

.ARM            0x0800916c        0x8
                0x0800916c                        . = ALIGN (0x4)
                0x0800916c                        __exidx_start = .
 *(.ARM.exidx*)
 .ARM.exidx     0x0800916c        0x8 D:/STM/STM32CubeIDE_1.16.1/STM32CubeIDE/plugins/com.st.stm32cube.ide.mcu.externaltools.gnu-tools-for-stm32.12.3.rel1.win32_1.0.200.202406191623/tools/bin/../lib/gcc/arm-none-eabi/12.3.1/../../../../arm-none-eabi/lib/thumb/v7e-m+fp/hard\libc_nano.a(libc_a-strlen.o)
 .ARM.exidx     0x08009174        0x0 D:/STM/STM32CubeIDE_1.16.1/STM32CubeIDE/plugins/com.st.stm32cube.ide.mcu.externaltools.gnu-tools-for-stm32.12.3.rel1.win32_1.0.200.202406191623/tools/bin/../lib/gcc/arm-none-eabi/12.3.1/../../../../arm-none-eabi/lib/thumb/v7e-m+fp/hard\libc_nano.a(libc_a-memchr.o)
                                  0x8 (size before relaxing)
                0x08009174                        __exidx_end = .
                0x08009174                        . = ALIGN (0x4)

.preinit_array  0x08009174        0x0
                0x08009174                        . = ALIGN (0x4)
                0x08009174                        PROVIDE (__preinit_array_start = .)
 *(.preinit_array*)
                0x08009174                        PROVIDE (__preinit_array_end = .)
                0x08009174                        . = ALIGN (0x4)

.init_array     0x08009174        0x4
                0x08009174                        . = ALIGN (0x4)
                0x08009174                        PROVIDE (__init_array_start = .)
 *(SORT_BY_NAME(.init_array.*))
 *(.init_array*)
 .init_array    0x08009174        0x4 D:/STM/STM32CubeIDE_1.16.1/STM32CubeIDE/plugins/com.st.stm32cube.ide.mcu.externaltools.gnu-tools-for-stm32.12.3.rel1.win32_1.0.200.202406191623/tools/bin/../lib/gcc/arm-none-eabi/12.3.1/thumb/v7e-m+fp/hard/crtbegin.o
                0x08009178                        PROVIDE (__init_array_end = .)
                0x08009178                        . = ALIGN (0x4)

.fini_array     0x08009178        0x4
                0x08009178                        . = ALIGN (0x4)
                [!provide]                        PROVIDE (__fini_array_start = .)
 *(SORT_BY_NAME(.fini_array.*))
 *(.fini_array*)
 .fini_array    0x08009178        0x4 D:/STM/STM32CubeIDE_1.16.1/STM32CubeIDE/plugins/com.st.stm32cube.ide.mcu.externaltools.gnu-tools-for-stm32.12.3.rel1.win32_1.0.200.202406191623/tools/bin/../lib/gcc/arm-none-eabi/12.3.1/thumb/v7e-m+fp/hard/crtbegin.o
                [!provide]                        PROVIDE (__fini_array_end = .)
                0x0800917c                        . = ALIGN (0x4)
                0x0800917c                        _sidata = LOADADDR (.data)

.rel.dyn        0x0800917c        0x0
 .rel.iplt      0x0800917c        0x0 D:/STM/STM32CubeIDE_1.16.1/STM32CubeIDE/plugins/com.st.stm32cube.ide.mcu.externaltools.gnu-tools-for-stm32.12.3.rel1.win32_1.0.200.202406191623/tools/bin/../lib/gcc/arm-none-eabi/12.3.1/thumb/v7e-m+fp/hard/crtbegin.o

.data           0x20000000      0x28c load address 0x0800917c
                0x20000000                        . = ALIGN (0x4)
                0x20000000                        _sdata = .
 *(.data)
 *(.data*)
 .data.SystemCoreClock
                0x20000000        0x4 ./Core/Src/system_stm32f3xx.o
                0x20000000                SystemCoreClock
 .data.uwTickPrio
                0x20000004        0x4 ./Drivers/STM32F3xx_HAL_Driver/Src/stm32f3xx_hal.o
                0x20000004                uwTickPrio
 .data.uwTickFreq
                0x20000008        0x1 ./Drivers/STM32F3xx_HAL_Driver/Src/stm32f3xx_hal.o
                0x20000008                uwTickFreq
 *fill*         0x20000009        0x3 
 .data.USBD_CDC_DeviceQualifierDesc
                0x2000000c        0xa ./Middlewares/ST/STM32_USB_Device_Library/Class/CDC/Src/usbd_cdc.o
 *fill*         0x20000016        0x2 
 .data.USBD_CDC
                0x20000018       0x38 ./Middlewares/ST/STM32_USB_Device_Library/Class/CDC/Src/usbd_cdc.o
                0x20000018                USBD_CDC
 .data.USBD_CDC_CfgHSDesc
                0x20000050       0x43 ./Middlewares/ST/STM32_USB_Device_Library/Class/CDC/Src/usbd_cdc.o
                0x20000050                USBD_CDC_CfgHSDesc
 *fill*         0x20000093        0x1 
 .data.USBD_CDC_CfgFSDesc
                0x20000094       0x43 ./Middlewares/ST/STM32_USB_Device_Library/Class/CDC/Src/usbd_cdc.o
                0x20000094                USBD_CDC_CfgFSDesc
 *fill*         0x200000d7        0x1 
 .data.USBD_CDC_OtherSpeedCfgDesc
                0x200000d8       0x43 ./Middlewares/ST/STM32_USB_Device_Library/Class/CDC/Src/usbd_cdc.o
                0x200000d8                USBD_CDC_OtherSpeedCfgDesc
 *fill*         0x2000011b        0x1 
 .data.ledBlink
                0x2000011c       0xc0 ./USB_DEVICE/App/usbd_cdc_if.o
                0x2000011c                ledBlink
 .data.USBD_Interface_fops_FS
                0x200001dc       0x10 ./USB_DEVICE/App/usbd_cdc_if.o
                0x200001dc                USBD_Interface_fops_FS
 .data.FS_Desc  0x200001ec       0x1c ./USB_DEVICE/App/usbd_desc.o
                0x200001ec                FS_Desc
 .data.USBD_FS_DeviceDesc
                0x20000208       0x12 ./USB_DEVICE/App/usbd_desc.o
                0x20000208                USBD_FS_DeviceDesc
 *fill*         0x2000021a        0x2 
 .data.USBD_LangIDDesc
                0x2000021c        0x4 ./USB_DEVICE/App/usbd_desc.o
                0x2000021c                USBD_LangIDDesc
 .data.USBD_StringSerial
                0x20000220       0x1a ./USB_DEVICE/App/usbd_desc.o
                0x20000220                USBD_StringSerial
 *fill*         0x2000023a        0x2 
 .data._impure_ptr
                0x2000023c        0x4 D:/STM/STM32CubeIDE_1.16.1/STM32CubeIDE/plugins/com.st.stm32cube.ide.mcu.externaltools.gnu-tools-for-stm32.12.3.rel1.win32_1.0.200.202406191623/tools/bin/../lib/gcc/arm-none-eabi/12.3.1/../../../../arm-none-eabi/lib/thumb/v7e-m+fp/hard\libc_nano.a(libc_a-impure.o)
                0x2000023c                _impure_ptr
 .data._impure_data
                0x20000240       0x4c D:/STM/STM32CubeIDE_1.16.1/STM32CubeIDE/plugins/com.st.stm32cube.ide.mcu.externaltools.gnu-tools-for-stm32.12.3.rel1.win32_1.0.200.202406191623/tools/bin/../lib/gcc/arm-none-eabi/12.3.1/../../../../arm-none-eabi/lib/thumb/v7e-m+fp/hard\libc_nano.a(libc_a-impure.o)
                0x20000240                _impure_data
 *(.RamFunc)
 *(.RamFunc*)
                0x2000028c                        . = ALIGN (0x4)
                0x2000028c                        _edata = .
                0x08009408                        _siccmram = LOADADDR (.ccmram)

.igot.plt       0x2000028c        0x0 load address 0x08009408
 .igot.plt      0x2000028c        0x0 D:/STM/STM32CubeIDE_1.16.1/STM32CubeIDE/plugins/com.st.stm32cube.ide.mcu.externaltools.gnu-tools-for-stm32.12.3.rel1.win32_1.0.200.202406191623/tools/bin/../lib/gcc/arm-none-eabi/12.3.1/thumb/v7e-m+fp/hard/crtbegin.o

.ccmram         0x10000000        0x0 load address 0x08009408
                0x10000000                        . = ALIGN (0x4)
                0x10000000                        _sccmram = .
 *(.ccmram)
 *(.ccmram*)
                0x10000000                        . = ALIGN (0x4)
                0x10000000                        _eccmram = .
                0x10000000                        . = ALIGN (0x4)

.bss            0x2000028c     0x13f0
                0x2000028c                        _sbss = .
                0x2000028c                        __bss_start__ = _sbss
 *(.bss)
 .bss           0x2000028c       0x1c D:/STM/STM32CubeIDE_1.16.1/STM32CubeIDE/plugins/com.st.stm32cube.ide.mcu.externaltools.gnu-tools-for-stm32.12.3.rel1.win32_1.0.200.202406191623/tools/bin/../lib/gcc/arm-none-eabi/12.3.1/thumb/v7e-m+fp/hard/crtbegin.o
 *(.bss*)
 .bss.hi2c1     0x200002a8       0x54 ./Core/Src/main.o
                0x200002a8                hi2c1
 .bss.hspi1     0x200002fc       0x64 ./Core/Src/main.o
                0x200002fc                hspi1
 .bss.__sbrk_heap_end
                0x20000360        0x4 ./Core/Src/sysmem.o
 .bss.uwTick    0x20000364        0x4 ./Drivers/STM32F3xx_HAL_Driver/Src/stm32f3xx_hal.o
                0x20000364                uwTick
 .bss.cfgidx.0  0x20000368        0x1 ./Middlewares/ST/STM32_USB_Device_Library/Core/Src/usbd_ctlreq.o
 *fill*         0x20000369        0x3 
 .bss.hUsbDeviceFS
                0x2000036c      0x2c4 ./USB_DEVICE/App/usb_device.o
                0x2000036c                hUsbDeviceFS
 .bss.rx_buffer
                0x20000630        0xa ./USB_DEVICE/App/usbd_cdc_if.o
 *fill*         0x2000063a        0x2 
 .bss.rx_index  0x2000063c        0x4 ./USB_DEVICE/App/usbd_cdc_if.o
 .bss.UserRxBufferFS
                0x20000640      0x400 ./USB_DEVICE/App/usbd_cdc_if.o
                0x20000640                UserRxBufferFS
 .bss.UserTxBufferFS
                0x20000a40      0x400 ./USB_DEVICE/App/usbd_cdc_if.o
                0x20000a40                UserTxBufferFS
 .bss.USBD_StrDesc
                0x20000e40      0x200 ./USB_DEVICE/App/usbd_desc.o
                0x20000e40                USBD_StrDesc
 .bss.hpcd_USB_FS
                0x20001040      0x2d4 ./USB_DEVICE/Target/usbd_conf.o
                0x20001040                hpcd_USB_FS
 .bss.mem.0     0x20001314      0x220 ./USB_DEVICE/Target/usbd_conf.o
 .bss.__sf      0x20001534      0x138 D:/STM/STM32CubeIDE_1.16.1/STM32CubeIDE/plugins/com.st.stm32cube.ide.mcu.externaltools.gnu-tools-for-stm32.12.3.rel1.win32_1.0.200.202406191623/tools/bin/../lib/gcc/arm-none-eabi/12.3.1/../../../../arm-none-eabi/lib/thumb/v7e-m+fp/hard\libc_nano.a(libc_a-findfp.o)
                0x20001534                __sf
 .bss.errno     0x2000166c        0x4 D:/STM/STM32CubeIDE_1.16.1/STM32CubeIDE/plugins/com.st.stm32cube.ide.mcu.externaltools.gnu-tools-for-stm32.12.3.rel1.win32_1.0.200.202406191623/tools/bin/../lib/gcc/arm-none-eabi/12.3.1/../../../../arm-none-eabi/lib/thumb/v7e-m+fp/hard\libc_nano.a(libc_a-reent.o)
                0x2000166c                errno
 .bss.__lock___malloc_recursive_mutex
                0x20001670        0x1 D:/STM/STM32CubeIDE_1.16.1/STM32CubeIDE/plugins/com.st.stm32cube.ide.mcu.externaltools.gnu-tools-for-stm32.12.3.rel1.win32_1.0.200.202406191623/tools/bin/../lib/gcc/arm-none-eabi/12.3.1/../../../../arm-none-eabi/lib/thumb/v7e-m+fp/hard\libc_nano.a(libc_a-lock.o)
                0x20001670                __lock___malloc_recursive_mutex
 *fill*         0x20001671        0x3 
 .bss.__malloc_sbrk_start
                0x20001674        0x4 D:/STM/STM32CubeIDE_1.16.1/STM32CubeIDE/plugins/com.st.stm32cube.ide.mcu.externaltools.gnu-tools-for-stm32.12.3.rel1.win32_1.0.200.202406191623/tools/bin/../lib/gcc/arm-none-eabi/12.3.1/../../../../arm-none-eabi/lib/thumb/v7e-m+fp/hard\libc_nano.a(libc_a-mallocr.o)
                0x20001674                __malloc_sbrk_start
 .bss.__malloc_free_list
                0x20001678        0x4 D:/STM/STM32CubeIDE_1.16.1/STM32CubeIDE/plugins/com.st.stm32cube.ide.mcu.externaltools.gnu-tools-for-stm32.12.3.rel1.win32_1.0.200.202406191623/tools/bin/../lib/gcc/arm-none-eabi/12.3.1/../../../../arm-none-eabi/lib/thumb/v7e-m+fp/hard\libc_nano.a(libc_a-mallocr.o)
                0x20001678                __malloc_free_list
 *(COMMON)
                0x2000167c                        . = ALIGN (0x4)
                0x2000167c                        _ebss = .
                0x2000167c                        __bss_end__ = _ebss

._user_heap_stack
                0x2000167c      0x604
                0x20001680                        . = ALIGN (0x8)
 *fill*         0x2000167c        0x4 
                [!provide]                        PROVIDE (end = .)
                0x20001680                        PROVIDE (_end = .)
                0x20001880                        . = (. + _Min_Heap_Size)
 *fill*         0x20001680      0x200 
                0x20001c80                        . = (. + _Min_Stack_Size)
 *fill*         0x20001880      0x400 
                0x20001c80                        . = ALIGN (0x8)

/DISCARD/
 libc.a(*)
 libm.a(*)
 libgcc.a(*)

.ARM.attributes
                0x00000000       0x30
 *(.ARM.attributes)
 .ARM.attributes
                0x00000000       0x22 D:/STM/STM32CubeIDE_1.16.1/STM32CubeIDE/plugins/com.st.stm32cube.ide.mcu.externaltools.gnu-tools-for-stm32.12.3.rel1.win32_1.0.200.202406191623/tools/bin/../lib/gcc/arm-none-eabi/12.3.1/thumb/v7e-m+fp/hard/crti.o
 .ARM.attributes
                0x00000022       0x34 D:/STM/STM32CubeIDE_1.16.1/STM32CubeIDE/plugins/com.st.stm32cube.ide.mcu.externaltools.gnu-tools-for-stm32.12.3.rel1.win32_1.0.200.202406191623/tools/bin/../lib/gcc/arm-none-eabi/12.3.1/thumb/v7e-m+fp/hard/crtbegin.o
 .ARM.attributes
                0x00000056       0x34 ./Core/Src/main.o
 .ARM.attributes
                0x0000008a       0x34 ./Core/Src/stm32f3xx_hal_msp.o
 .ARM.attributes
                0x000000be       0x34 ./Core/Src/stm32f3xx_it.o
 .ARM.attributes
                0x000000f2       0x34 ./Core/Src/sysmem.o
 .ARM.attributes
                0x00000126       0x34 ./Core/Src/system_stm32f3xx.o
 .ARM.attributes
                0x0000015a       0x21 ./Core/Startup/startup_stm32f303vctx.o
 .ARM.attributes
                0x0000017b       0x34 ./Drivers/STM32F3xx_HAL_Driver/Src/stm32f3xx_hal.o
 .ARM.attributes
                0x000001af       0x34 ./Drivers/STM32F3xx_HAL_Driver/Src/stm32f3xx_hal_cortex.o
 .ARM.attributes
                0x000001e3       0x34 ./Drivers/STM32F3xx_HAL_Driver/Src/stm32f3xx_hal_gpio.o
 .ARM.attributes
                0x00000217       0x34 ./Drivers/STM32F3xx_HAL_Driver/Src/stm32f3xx_hal_i2c.o
 .ARM.attributes
                0x0000024b       0x34 ./Drivers/STM32F3xx_HAL_Driver/Src/stm32f3xx_hal_i2c_ex.o
 .ARM.attributes
                0x0000027f       0x34 ./Drivers/STM32F3xx_HAL_Driver/Src/stm32f3xx_hal_pcd.o
 .ARM.attributes
                0x000002b3       0x34 ./Drivers/STM32F3xx_HAL_Driver/Src/stm32f3xx_hal_pcd_ex.o
 .ARM.attributes
                0x000002e7       0x34 ./Drivers/STM32F3xx_HAL_Driver/Src/stm32f3xx_hal_rcc.o
 .ARM.attributes
                0x0000031b       0x34 ./Drivers/STM32F3xx_HAL_Driver/Src/stm32f3xx_hal_rcc_ex.o
 .ARM.attributes
                0x0000034f       0x34 ./Drivers/STM32F3xx_HAL_Driver/Src/stm32f3xx_hal_spi.o
 .ARM.attributes
                0x00000383       0x34 ./Drivers/STM32F3xx_HAL_Driver/Src/stm32f3xx_ll_usb.o
 .ARM.attributes
                0x000003b7       0x34 ./Middlewares/ST/STM32_USB_Device_Library/Class/CDC/Src/usbd_cdc.o
 .ARM.attributes
                0x000003eb       0x34 ./Middlewares/ST/STM32_USB_Device_Library/Core/Src/usbd_core.o
 .ARM.attributes
                0x0000041f       0x34 ./Middlewares/ST/STM32_USB_Device_Library/Core/Src/usbd_ctlreq.o
 .ARM.attributes
                0x00000453       0x34 ./Middlewares/ST/STM32_USB_Device_Library/Core/Src/usbd_ioreq.o
 .ARM.attributes
                0x00000487       0x34 ./USB_DEVICE/App/usb_device.o
 .ARM.attributes
                0x000004bb       0x34 ./USB_DEVICE/App/usbd_cdc_if.o
 .ARM.attributes
                0x000004ef       0x34 ./USB_DEVICE/App/usbd_desc.o
 .ARM.attributes
                0x00000523       0x34 ./USB_DEVICE/Target/usbd_conf.o
 .ARM.attributes
                0x00000557       0x34 D:/STM/STM32CubeIDE_1.16.1/STM32CubeIDE/plugins/com.st.stm32cube.ide.mcu.externaltools.gnu-tools-for-stm32.12.3.rel1.win32_1.0.200.202406191623/tools/bin/../lib/gcc/arm-none-eabi/12.3.1/../../../../arm-none-eabi/lib/thumb/v7e-m+fp/hard\libc_nano.a(libc_a-atoi.o)
 .ARM.attributes
                0x0000058b       0x34 D:/STM/STM32CubeIDE_1.16.1/STM32CubeIDE/plugins/com.st.stm32cube.ide.mcu.externaltools.gnu-tools-for-stm32.12.3.rel1.win32_1.0.200.202406191623/tools/bin/../lib/gcc/arm-none-eabi/12.3.1/../../../../arm-none-eabi/lib/thumb/v7e-m+fp/hard\libc_nano.a(libc_a-strtol.o)
 .ARM.attributes
                0x000005bf       0x34 D:/STM/STM32CubeIDE_1.16.1/STM32CubeIDE/plugins/com.st.stm32cube.ide.mcu.externaltools.gnu-tools-for-stm32.12.3.rel1.win32_1.0.200.202406191623/tools/bin/../lib/gcc/arm-none-eabi/12.3.1/../../../../arm-none-eabi/lib/thumb/v7e-m+fp/hard\libc_nano.a(libc_a-ctype_.o)
 .ARM.attributes
                0x000005f3       0x34 D:/STM/STM32CubeIDE_1.16.1/STM32CubeIDE/plugins/com.st.stm32cube.ide.mcu.externaltools.gnu-tools-for-stm32.12.3.rel1.win32_1.0.200.202406191623/tools/bin/../lib/gcc/arm-none-eabi/12.3.1/../../../../arm-none-eabi/lib/thumb/v7e-m+fp/hard\libc_nano.a(libc_a-findfp.o)
 .ARM.attributes
                0x00000627       0x34 D:/STM/STM32CubeIDE_1.16.1/STM32CubeIDE/plugins/com.st.stm32cube.ide.mcu.externaltools.gnu-tools-for-stm32.12.3.rel1.win32_1.0.200.202406191623/tools/bin/../lib/gcc/arm-none-eabi/12.3.1/../../../../arm-none-eabi/lib/thumb/v7e-m+fp/hard\libc_nano.a(libc_a-sprintf.o)
 .ARM.attributes
                0x0000065b       0x34 D:/STM/STM32CubeIDE_1.16.1/STM32CubeIDE/plugins/com.st.stm32cube.ide.mcu.externaltools.gnu-tools-for-stm32.12.3.rel1.win32_1.0.200.202406191623/tools/bin/../lib/gcc/arm-none-eabi/12.3.1/../../../../arm-none-eabi/lib/thumb/v7e-m+fp/hard\libc_nano.a(libc_a-memset.o)
 .ARM.attributes
                0x0000068f       0x34 D:/STM/STM32CubeIDE_1.16.1/STM32CubeIDE/plugins/com.st.stm32cube.ide.mcu.externaltools.gnu-tools-for-stm32.12.3.rel1.win32_1.0.200.202406191623/tools/bin/../lib/gcc/arm-none-eabi/12.3.1/../../../../arm-none-eabi/lib/thumb/v7e-m+fp/hard\libc_nano.a(libc_a-strchr.o)
 .ARM.attributes
                0x000006c3       0x34 D:/STM/STM32CubeIDE_1.16.1/STM32CubeIDE/plugins/com.st.stm32cube.ide.mcu.externaltools.gnu-tools-for-stm32.12.3.rel1.win32_1.0.200.202406191623/tools/bin/../lib/gcc/arm-none-eabi/12.3.1/../../../../arm-none-eabi/lib/thumb/v7e-m+fp/hard\libc_nano.a(libc_a-reent.o)
 .ARM.attributes
                0x000006f7       0x34 D:/STM/STM32CubeIDE_1.16.1/STM32CubeIDE/plugins/com.st.stm32cube.ide.mcu.externaltools.gnu-tools-for-stm32.12.3.rel1.win32_1.0.200.202406191623/tools/bin/../lib/gcc/arm-none-eabi/12.3.1/../../../../arm-none-eabi/lib/thumb/v7e-m+fp/hard\libc_nano.a(libc_a-impure.o)
 .ARM.attributes
                0x0000072b       0x34 D:/STM/STM32CubeIDE_1.16.1/STM32CubeIDE/plugins/com.st.stm32cube.ide.mcu.externaltools.gnu-tools-for-stm32.12.3.rel1.win32_1.0.200.202406191623/tools/bin/../lib/gcc/arm-none-eabi/12.3.1/../../../../arm-none-eabi/lib/thumb/v7e-m+fp/hard\libc_nano.a(libc_a-errno.o)
 .ARM.attributes
                0x0000075f       0x34 D:/STM/STM32CubeIDE_1.16.1/STM32CubeIDE/plugins/com.st.stm32cube.ide.mcu.externaltools.gnu-tools-for-stm32.12.3.rel1.win32_1.0.200.202406191623/tools/bin/../lib/gcc/arm-none-eabi/12.3.1/../../../../arm-none-eabi/lib/thumb/v7e-m+fp/hard\libc_nano.a(libc_a-init.o)
 .ARM.attributes
                0x00000793       0x34 D:/STM/STM32CubeIDE_1.16.1/STM32CubeIDE/plugins/com.st.stm32cube.ide.mcu.externaltools.gnu-tools-for-stm32.12.3.rel1.win32_1.0.200.202406191623/tools/bin/../lib/gcc/arm-none-eabi/12.3.1/../../../../arm-none-eabi/lib/thumb/v7e-m+fp/hard\libc_nano.a(libc_a-lock.o)
 .ARM.attributes
                0x000007c7       0x17 D:/STM/STM32CubeIDE_1.16.1/STM32CubeIDE/plugins/com.st.stm32cube.ide.mcu.externaltools.gnu-tools-for-stm32.12.3.rel1.win32_1.0.200.202406191623/tools/bin/../lib/gcc/arm-none-eabi/12.3.1/../../../../arm-none-eabi/lib/thumb/v7e-m+fp/hard\libc_nano.a(libc_a-strlen.o)
 .ARM.attributes
                0x000007de       0x34 D:/STM/STM32CubeIDE_1.16.1/STM32CubeIDE/plugins/com.st.stm32cube.ide.mcu.externaltools.gnu-tools-for-stm32.12.3.rel1.win32_1.0.200.202406191623/tools/bin/../lib/gcc/arm-none-eabi/12.3.1/../../../../arm-none-eabi/lib/thumb/v7e-m+fp/hard\libc_nano.a(libc_a-freer.o)
 .ARM.attributes
                0x00000812       0x34 D:/STM/STM32CubeIDE_1.16.1/STM32CubeIDE/plugins/com.st.stm32cube.ide.mcu.externaltools.gnu-tools-for-stm32.12.3.rel1.win32_1.0.200.202406191623/tools/bin/../lib/gcc/arm-none-eabi/12.3.1/../../../../arm-none-eabi/lib/thumb/v7e-m+fp/hard\libc_nano.a(libc_a-mallocr.o)
 .ARM.attributes
                0x00000846       0x34 D:/STM/STM32CubeIDE_1.16.1/STM32CubeIDE/plugins/com.st.stm32cube.ide.mcu.externaltools.gnu-tools-for-stm32.12.3.rel1.win32_1.0.200.202406191623/tools/bin/../lib/gcc/arm-none-eabi/12.3.1/../../../../arm-none-eabi/lib/thumb/v7e-m+fp/hard\libc_nano.a(libc_a-mlock.o)
 .ARM.attributes
                0x0000087a       0x34 D:/STM/STM32CubeIDE_1.16.1/STM32CubeIDE/plugins/com.st.stm32cube.ide.mcu.externaltools.gnu-tools-for-stm32.12.3.rel1.win32_1.0.200.202406191623/tools/bin/../lib/gcc/arm-none-eabi/12.3.1/../../../../arm-none-eabi/lib/thumb/v7e-m+fp/hard\libc_nano.a(libc_a-nano-svfprintf.o)
 .ARM.attributes
                0x000008ae       0x34 D:/STM/STM32CubeIDE_1.16.1/STM32CubeIDE/plugins/com.st.stm32cube.ide.mcu.externaltools.gnu-tools-for-stm32.12.3.rel1.win32_1.0.200.202406191623/tools/bin/../lib/gcc/arm-none-eabi/12.3.1/../../../../arm-none-eabi/lib/thumb/v7e-m+fp/hard\libc_nano.a(libc_a-nano-vfprintf_i.o)
 .ARM.attributes
                0x000008e2       0x34 D:/STM/STM32CubeIDE_1.16.1/STM32CubeIDE/plugins/com.st.stm32cube.ide.mcu.externaltools.gnu-tools-for-stm32.12.3.rel1.win32_1.0.200.202406191623/tools/bin/../lib/gcc/arm-none-eabi/12.3.1/../../../../arm-none-eabi/lib/thumb/v7e-m+fp/hard\libc_nano.a(libc_a-memmove.o)
 .ARM.attributes
                0x00000916       0x34 D:/STM/STM32CubeIDE_1.16.1/STM32CubeIDE/plugins/com.st.stm32cube.ide.mcu.externaltools.gnu-tools-for-stm32.12.3.rel1.win32_1.0.200.202406191623/tools/bin/../lib/gcc/arm-none-eabi/12.3.1/../../../../arm-none-eabi/lib/thumb/v7e-m+fp/hard\libc_nano.a(libc_a-sbrkr.o)
 .ARM.attributes
                0x0000094a       0x1c D:/STM/STM32CubeIDE_1.16.1/STM32CubeIDE/plugins/com.st.stm32cube.ide.mcu.externaltools.gnu-tools-for-stm32.12.3.rel1.win32_1.0.200.202406191623/tools/bin/../lib/gcc/arm-none-eabi/12.3.1/../../../../arm-none-eabi/lib/thumb/v7e-m+fp/hard\libc_nano.a(libc_a-memchr.o)
 .ARM.attributes
                0x00000966       0x34 D:/STM/STM32CubeIDE_1.16.1/STM32CubeIDE/plugins/com.st.stm32cube.ide.mcu.externaltools.gnu-tools-for-stm32.12.3.rel1.win32_1.0.200.202406191623/tools/bin/../lib/gcc/arm-none-eabi/12.3.1/../../../../arm-none-eabi/lib/thumb/v7e-m+fp/hard\libc_nano.a(libc_a-memcpy-stub.o)
 .ARM.attributes
                0x0000099a       0x34 D:/STM/STM32CubeIDE_1.16.1/STM32CubeIDE/plugins/com.st.stm32cube.ide.mcu.externaltools.gnu-tools-for-stm32.12.3.rel1.win32_1.0.200.202406191623/tools/bin/../lib/gcc/arm-none-eabi/12.3.1/../../../../arm-none-eabi/lib/thumb/v7e-m+fp/hard\libc_nano.a(libc_a-reallocr.o)
 .ARM.attributes
                0x000009ce       0x34 D:/STM/STM32CubeIDE_1.16.1/STM32CubeIDE/plugins/com.st.stm32cube.ide.mcu.externaltools.gnu-tools-for-stm32.12.3.rel1.win32_1.0.200.202406191623/tools/bin/../lib/gcc/arm-none-eabi/12.3.1/../../../../arm-none-eabi/lib/thumb/v7e-m+fp/hard\libc_nano.a(libc_a-msizer.o)
 .ARM.attributes
                0x00000a02       0x22 D:/STM/STM32CubeIDE_1.16.1/STM32CubeIDE/plugins/com.st.stm32cube.ide.mcu.externaltools.gnu-tools-for-stm32.12.3.rel1.win32_1.0.200.202406191623/tools/bin/../lib/gcc/arm-none-eabi/12.3.1/thumb/v7e-m+fp/hard/crtn.o
OUTPUT(USBLed.elf elf32-littlearm)
LOAD linker stubs
LOAD D:/STM/STM32CubeIDE_1.16.1/STM32CubeIDE/plugins/com.st.stm32cube.ide.mcu.externaltools.gnu-tools-for-stm32.12.3.rel1.win32_1.0.200.202406191623/tools/bin/../lib/gcc/arm-none-eabi/12.3.1/../../../../arm-none-eabi/lib/thumb/v7e-m+fp/hard\libc.a
LOAD D:/STM/STM32CubeIDE_1.16.1/STM32CubeIDE/plugins/com.st.stm32cube.ide.mcu.externaltools.gnu-tools-for-stm32.12.3.rel1.win32_1.0.200.202406191623/tools/bin/../lib/gcc/arm-none-eabi/12.3.1/../../../../arm-none-eabi/lib/thumb/v7e-m+fp/hard\libm.a
LOAD D:/STM/STM32CubeIDE_1.16.1/STM32CubeIDE/plugins/com.st.stm32cube.ide.mcu.externaltools.gnu-tools-for-stm32.12.3.rel1.win32_1.0.200.202406191623/tools/bin/../lib/gcc/arm-none-eabi/12.3.1/thumb/v7e-m+fp/hard\libgcc.a

.debug_info     0x00000000    0x127be
 .debug_info    0x00000000      0xf5e ./Core/Src/main.o
 .debug_info    0x00000f5e      0xbad ./Core/Src/stm32f3xx_hal_msp.o
 .debug_info    0x00001b0b      0x5e8 ./Core/Src/stm32f3xx_it.o
 .debug_info    0x000020f3      0x168 ./Core/Src/sysmem.o
 .debug_info    0x0000225b      0x407 ./Core/Src/system_stm32f3xx.o
 .debug_info    0x00002662       0x30 ./Core/Startup/startup_stm32f303vctx.o
 .debug_info    0x00002692      0x7d4 ./Drivers/STM32F3xx_HAL_Driver/Src/stm32f3xx_hal.o
 .debug_info    0x00002e66      0xce4 ./Drivers/STM32F3xx_HAL_Driver/Src/stm32f3xx_hal_cortex.o
 .debug_info    0x00003b4a      0x5fe ./Drivers/STM32F3xx_HAL_Driver/Src/stm32f3xx_hal_gpio.o
 .debug_info    0x00004148     0x20c3 ./Drivers/STM32F3xx_HAL_Driver/Src/stm32f3xx_hal_i2c.o
 .debug_info    0x0000620b      0x818 ./Drivers/STM32F3xx_HAL_Driver/Src/stm32f3xx_hal_i2c_ex.o
 .debug_info    0x00006a23     0x1664 ./Drivers/STM32F3xx_HAL_Driver/Src/stm32f3xx_hal_pcd.o
 .debug_info    0x00008087      0x6a9 ./Drivers/STM32F3xx_HAL_Driver/Src/stm32f3xx_hal_pcd_ex.o
 .debug_info    0x00008730     0x148a ./Drivers/STM32F3xx_HAL_Driver/Src/stm32f3xx_hal_rcc.o
 .debug_info    0x00009bba      0x5b9 ./Drivers/STM32F3xx_HAL_Driver/Src/stm32f3xx_hal_rcc_ex.o
 .debug_info    0x0000a173     0x1622 ./Drivers/STM32F3xx_HAL_Driver/Src/stm32f3xx_hal_spi.o
 .debug_info    0x0000b795     0x1547 ./Drivers/STM32F3xx_HAL_Driver/Src/stm32f3xx_ll_usb.o
 .debug_info    0x0000ccdc     0x1028 ./Middlewares/ST/STM32_USB_Device_Library/Class/CDC/Src/usbd_cdc.o
 .debug_info    0x0000dd04      0xa52 ./Middlewares/ST/STM32_USB_Device_Library/Core/Src/usbd_core.o
 .debug_info    0x0000e756      0x91c ./Middlewares/ST/STM32_USB_Device_Library/Core/Src/usbd_ctlreq.o
 .debug_info    0x0000f072      0x6a0 ./Middlewares/ST/STM32_USB_Device_Library/Core/Src/usbd_ioreq.o
 .debug_info    0x0000f712      0x63d ./USB_DEVICE/App/usb_device.o
 .debug_info    0x0000fd4f      0xb99 ./USB_DEVICE/App/usbd_cdc_if.o
 .debug_info    0x000108e8      0x44a ./USB_DEVICE/App/usbd_desc.o
 .debug_info    0x00010d32     0x1a8c ./USB_DEVICE/Target/usbd_conf.o

.debug_abbrev   0x00000000     0x3464
 .debug_abbrev  0x00000000      0x2b6 ./Core/Src/main.o
 .debug_abbrev  0x000002b6      0x1ae ./Core/Src/stm32f3xx_hal_msp.o
 .debug_abbrev  0x00000464      0x192 ./Core/Src/stm32f3xx_it.o
 .debug_abbrev  0x000005f6       0xbc ./Core/Src/sysmem.o
 .debug_abbrev  0x000006b2      0x11a ./Core/Src/system_stm32f3xx.o
 .debug_abbrev  0x000007cc       0x24 ./Core/Startup/startup_stm32f303vctx.o
 .debug_abbrev  0x000007f0      0x215 ./Drivers/STM32F3xx_HAL_Driver/Src/stm32f3xx_hal.o
 .debug_abbrev  0x00000a05      0x31e ./Drivers/STM32F3xx_HAL_Driver/Src/stm32f3xx_hal_cortex.o
 .debug_abbrev  0x00000d23      0x1ca ./Drivers/STM32F3xx_HAL_Driver/Src/stm32f3xx_hal_gpio.o
 .debug_abbrev  0x00000eed      0x260 ./Drivers/STM32F3xx_HAL_Driver/Src/stm32f3xx_hal_i2c.o
 .debug_abbrev  0x0000114d      0x1c2 ./Drivers/STM32F3xx_HAL_Driver/Src/stm32f3xx_hal_i2c_ex.o
 .debug_abbrev  0x0000130f      0x2d9 ./Drivers/STM32F3xx_HAL_Driver/Src/stm32f3xx_hal_pcd.o
 .debug_abbrev  0x000015e8      0x189 ./Drivers/STM32F3xx_HAL_Driver/Src/stm32f3xx_hal_pcd_ex.o
 .debug_abbrev  0x00001771      0x300 ./Drivers/STM32F3xx_HAL_Driver/Src/stm32f3xx_hal_rcc.o
 .debug_abbrev  0x00001a71      0x221 ./Drivers/STM32F3xx_HAL_Driver/Src/stm32f3xx_hal_rcc_ex.o
 .debug_abbrev  0x00001c92      0x269 ./Drivers/STM32F3xx_HAL_Driver/Src/stm32f3xx_hal_spi.o
 .debug_abbrev  0x00001efb      0x247 ./Drivers/STM32F3xx_HAL_Driver/Src/stm32f3xx_ll_usb.o
 .debug_abbrev  0x00002142      0x2d3 ./Middlewares/ST/STM32_USB_Device_Library/Class/CDC/Src/usbd_cdc.o
 .debug_abbrev  0x00002415      0x24a ./Middlewares/ST/STM32_USB_Device_Library/Core/Src/usbd_core.o
 .debug_abbrev  0x0000265f      0x26b ./Middlewares/ST/STM32_USB_Device_Library/Core/Src/usbd_ctlreq.o
 .debug_abbrev  0x000028ca      0x192 ./Middlewares/ST/STM32_USB_Device_Library/Core/Src/usbd_ioreq.o
 .debug_abbrev  0x00002a5c      0x18d ./USB_DEVICE/App/usb_device.o
 .debug_abbrev  0x00002be9      0x35e ./USB_DEVICE/App/usbd_cdc_if.o
 .debug_abbrev  0x00002f47      0x1ff ./USB_DEVICE/App/usbd_desc.o
 .debug_abbrev  0x00003146      0x31e ./USB_DEVICE/Target/usbd_conf.o

.debug_aranges  0x00000000      0xf88
 .debug_aranges
                0x00000000       0x48 ./Core/Src/main.o
 .debug_aranges
                0x00000048       0x40 ./Core/Src/stm32f3xx_hal_msp.o
 .debug_aranges
                0x00000088       0x68 ./Core/Src/stm32f3xx_it.o
 .debug_aranges
                0x000000f0       0x20 ./Core/Src/sysmem.o
 .debug_aranges
                0x00000110       0x28 ./Core/Src/system_stm32f3xx.o
 .debug_aranges
                0x00000138       0x28 ./Core/Startup/startup_stm32f303vctx.o
 .debug_aranges
                0x00000160       0xe0 ./Drivers/STM32F3xx_HAL_Driver/Src/stm32f3xx_hal.o
 .debug_aranges
                0x00000240      0x128 ./Drivers/STM32F3xx_HAL_Driver/Src/stm32f3xx_hal_cortex.o
 .debug_aranges
                0x00000368       0x58 ./Drivers/STM32F3xx_HAL_Driver/Src/stm32f3xx_hal_gpio.o
 .debug_aranges
                0x000003c0      0x2a0 ./Drivers/STM32F3xx_HAL_Driver/Src/stm32f3xx_hal_i2c.o
 .debug_aranges
                0x00000660       0x48 ./Drivers/STM32F3xx_HAL_Driver/Src/stm32f3xx_hal_i2c_ex.o
 .debug_aranges
                0x000006a8      0x140 ./Drivers/STM32F3xx_HAL_Driver/Src/stm32f3xx_hal_pcd.o
 .debug_aranges
                0x000007e8       0x38 ./Drivers/STM32F3xx_HAL_Driver/Src/stm32f3xx_hal_pcd_ex.o
 .debug_aranges
                0x00000820       0x88 ./Drivers/STM32F3xx_HAL_Driver/Src/stm32f3xx_hal_rcc.o
 .debug_aranges
                0x000008a8       0x38 ./Drivers/STM32F3xx_HAL_Driver/Src/stm32f3xx_hal_rcc_ex.o
 .debug_aranges
                0x000008e0      0x1d8 ./Drivers/STM32F3xx_HAL_Driver/Src/stm32f3xx_hal_spi.o
 .debug_aranges
                0x00000ab8       0xc8 ./Drivers/STM32F3xx_HAL_Driver/Src/stm32f3xx_ll_usb.o
 .debug_aranges
                0x00000b80       0x90 ./Middlewares/ST/STM32_USB_Device_Library/Class/CDC/Src/usbd_cdc.o
 .debug_aranges
                0x00000c10       0xb8 ./Middlewares/ST/STM32_USB_Device_Library/Core/Src/usbd_core.o
 .debug_aranges
                0x00000cc8       0x88 ./Middlewares/ST/STM32_USB_Device_Library/Core/Src/usbd_ctlreq.o
 .debug_aranges
                0x00000d50       0x50 ./Middlewares/ST/STM32_USB_Device_Library/Core/Src/usbd_ioreq.o
 .debug_aranges
                0x00000da0       0x20 ./USB_DEVICE/App/usb_device.o
 .debug_aranges
                0x00000dc0       0x50 ./USB_DEVICE/App/usbd_cdc_if.o
 .debug_aranges
                0x00000e10       0x60 ./USB_DEVICE/App/usbd_desc.o
 .debug_aranges
                0x00000e70      0x118 ./USB_DEVICE/Target/usbd_conf.o

.debug_rnglists
                0x00000000      0xbe1
 .debug_rnglists
                0x00000000       0x34 ./Core/Src/main.o
 .debug_rnglists
                0x00000034       0x2d ./Core/Src/stm32f3xx_hal_msp.o
 .debug_rnglists
                0x00000061       0x49 ./Core/Src/stm32f3xx_it.o
 .debug_rnglists
                0x000000aa       0x13 ./Core/Src/sysmem.o
 .debug_rnglists
                0x000000bd       0x1a ./Core/Src/system_stm32f3xx.o
 .debug_rnglists
                0x000000d7       0x19 ./Core/Startup/startup_stm32f303vctx.o
 .debug_rnglists
                0x000000f0       0xa3 ./Drivers/STM32F3xx_HAL_Driver/Src/stm32f3xx_hal.o
 .debug_rnglists
                0x00000193       0xda ./Drivers/STM32F3xx_HAL_Driver/Src/stm32f3xx_hal_cortex.o
 .debug_rnglists
                0x0000026d       0x3f ./Drivers/STM32F3xx_HAL_Driver/Src/stm32f3xx_hal_gpio.o
 .debug_rnglists
                0x000002ac      0x228 ./Drivers/STM32F3xx_HAL_Driver/Src/stm32f3xx_hal_i2c.o
 .debug_rnglists
                0x000004d4       0x35 ./Drivers/STM32F3xx_HAL_Driver/Src/stm32f3xx_hal_i2c_ex.o
 .debug_rnglists
                0x00000509       0xf4 ./Drivers/STM32F3xx_HAL_Driver/Src/stm32f3xx_hal_pcd.o
 .debug_rnglists
                0x000005fd       0x26 ./Drivers/STM32F3xx_HAL_Driver/Src/stm32f3xx_hal_pcd_ex.o
 .debug_rnglists
                0x00000623       0x66 ./Drivers/STM32F3xx_HAL_Driver/Src/stm32f3xx_hal_rcc.o
 .debug_rnglists
                0x00000689       0x28 ./Drivers/STM32F3xx_HAL_Driver/Src/stm32f3xx_hal_rcc_ex.o
 .debug_rnglists
                0x000006b1      0x178 ./Drivers/STM32F3xx_HAL_Driver/Src/stm32f3xx_hal_spi.o
 .debug_rnglists
                0x00000829       0x99 ./Drivers/STM32F3xx_HAL_Driver/Src/stm32f3xx_ll_usb.o
 .debug_rnglists
                0x000008c2       0x6a ./Middlewares/ST/STM32_USB_Device_Library/Class/CDC/Src/usbd_cdc.o
 .debug_rnglists
                0x0000092c       0x89 ./Middlewares/ST/STM32_USB_Device_Library/Core/Src/usbd_core.o
 .debug_rnglists
                0x000009b5       0x68 ./Middlewares/ST/STM32_USB_Device_Library/Core/Src/usbd_ctlreq.o
 .debug_rnglists
                0x00000a1d       0x37 ./Middlewares/ST/STM32_USB_Device_Library/Core/Src/usbd_ioreq.o
 .debug_rnglists
                0x00000a54       0x13 ./USB_DEVICE/App/usb_device.o
 .debug_rnglists
                0x00000a67       0x68 ./USB_DEVICE/App/usbd_cdc_if.o
 .debug_rnglists
                0x00000acf       0x43 ./USB_DEVICE/App/usbd_desc.o
 .debug_rnglists
                0x00000b12       0xcf ./USB_DEVICE/Target/usbd_conf.o

.debug_macro    0x00000000    0x2004e
 .debug_macro   0x00000000      0x35b ./Core/Src/main.o
 .debug_macro   0x0000035b      0xab4 ./Core/Src/main.o
 .debug_macro   0x00000e0f      0x157 ./Core/Src/main.o
 .debug_macro   0x00000f66       0x2e ./Core/Src/main.o
 .debug_macro   0x00000f94       0x28 ./Core/Src/main.o
 .debug_macro   0x00000fbc       0x22 ./Core/Src/main.o
 .debug_macro   0x00000fde       0x8e ./Core/Src/main.o
 .debug_macro   0x0000106c       0x51 ./Core/Src/main.o
 .debug_macro   0x000010bd      0x103 ./Core/Src/main.o
 .debug_macro   0x000011c0       0x6a ./Core/Src/main.o
 .debug_macro   0x0000122a      0x1df ./Core/Src/main.o
 .debug_macro   0x00001409       0x1c ./Core/Src/main.o
 .debug_macro   0x00001425       0x22 ./Core/Src/main.o
 .debug_macro   0x00001447       0xd9 ./Core/Src/main.o
 .debug_macro   0x00001520     0x102d ./Core/Src/main.o
 .debug_macro   0x0000254d      0x11f ./Core/Src/main.o
 .debug_macro   0x0000266c    0x12a3a ./Core/Src/main.o
 .debug_macro   0x000150a6       0x6d ./Core/Src/main.o
 .debug_macro   0x00015113     0x357b ./Core/Src/main.o
 .debug_macro   0x0001868e      0x189 ./Core/Src/main.o
 .debug_macro   0x00018817       0x55 ./Core/Src/main.o
 .debug_macro   0x0001886c      0x961 ./Core/Src/main.o
 .debug_macro   0x000191cd      0x5fe ./Core/Src/main.o
 .debug_macro   0x000197cb      0x1b5 ./Core/Src/main.o
 .debug_macro   0x00019980      0x1fb ./Core/Src/main.o
 .debug_macro   0x00019b7b      0x1dc ./Core/Src/main.o
 .debug_macro   0x00019d57      0x1bc ./Core/Src/main.o
 .debug_macro   0x00019f13       0x30 ./Core/Src/main.o
 .debug_macro   0x00019f43       0x3c ./Core/Src/main.o
 .debug_macro   0x00019f7f      0x235 ./Core/Src/main.o
 .debug_macro   0x0001a1b4       0xc5 ./Core/Src/main.o
 .debug_macro   0x0001a279      0x21d ./Core/Src/main.o
 .debug_macro   0x0001a496      0x22c ./Core/Src/main.o
 .debug_macro   0x0001a6c2       0x5b ./Core/Src/main.o
 .debug_macro   0x0001a71d       0xa5 ./Core/Src/main.o
 .debug_macro   0x0001a7c2       0x73 ./Core/Src/main.o
 .debug_macro   0x0001a835      0x242 ./Core/Src/main.o
 .debug_macro   0x0001aa77       0x81 ./Core/Src/main.o
 .debug_macro   0x0001aaf8       0xd3 ./Core/Src/main.o
 .debug_macro   0x0001abcb      0x2fe ./Core/Src/main.o
 .debug_macro   0x0001aec9      0x275 ./Core/Src/main.o
 .debug_macro   0x0001b13e      0x160 ./Core/Src/main.o
 .debug_macro   0x0001b29e       0x61 ./Core/Src/main.o
 .debug_macro   0x0001b2ff       0x2a ./Core/Src/main.o
 .debug_macro   0x0001b329       0x43 ./Core/Src/main.o
 .debug_macro   0x0001b36c       0x34 ./Core/Src/main.o
 .debug_macro   0x0001b3a0       0x16 ./Core/Src/main.o
 .debug_macro   0x0001b3b6       0x35 ./Core/Src/main.o
 .debug_macro   0x0001b3eb      0x369 ./Core/Src/main.o
 .debug_macro   0x0001b754       0x10 ./Core/Src/main.o
 .debug_macro   0x0001b764       0x16 ./Core/Src/main.o
 .debug_macro   0x0001b77a       0x43 ./Core/Src/main.o
 .debug_macro   0x0001b7bd       0x34 ./Core/Src/main.o
 .debug_macro   0x0001b7f1       0x10 ./Core/Src/main.o
 .debug_macro   0x0001b801       0x58 ./Core/Src/main.o
 .debug_macro   0x0001b859       0x8e ./Core/Src/main.o
 .debug_macro   0x0001b8e7       0x1c ./Core/Src/main.o
 .debug_macro   0x0001b903      0x177 ./Core/Src/main.o
 .debug_macro   0x0001ba7a       0x16 ./Core/Src/main.o
 .debug_macro   0x0001ba90       0x16 ./Core/Src/main.o
 .debug_macro   0x0001baa6      0x146 ./Core/Src/main.o
 .debug_macro   0x0001bbec       0x16 ./Core/Src/main.o
 .debug_macro   0x0001bc02       0x16 ./Core/Src/main.o
 .debug_macro   0x0001bc18       0x29 ./Core/Src/main.o
 .debug_macro   0x0001bc41       0x16 ./Core/Src/main.o
 .debug_macro   0x0001bc57       0x20 ./Core/Src/main.o
 .debug_macro   0x0001bc77       0x59 ./Core/Src/main.o
 .debug_macro   0x0001bcd0      0x1c8 ./Core/Src/main.o
 .debug_macro   0x0001be98      0x1f7 ./Core/Src/stm32f3xx_hal_msp.o
 .debug_macro   0x0001c08f      0x201 ./Core/Src/stm32f3xx_it.o
 .debug_macro   0x0001c290       0xff ./Core/Src/sysmem.o
 .debug_macro   0x0001c38f      0x23c ./Core/Src/sysmem.o
 .debug_macro   0x0001c5cb      0x1e8 ./Core/Src/system_stm32f3xx.o
 .debug_macro   0x0001c7b3      0x20c ./Drivers/STM32F3xx_HAL_Driver/Src/stm32f3xx_hal.o
 .debug_macro   0x0001c9bf      0x1e8 ./Drivers/STM32F3xx_HAL_Driver/Src/stm32f3xx_hal_cortex.o
 .debug_macro   0x0001cba7      0x1ef ./Drivers/STM32F3xx_HAL_Driver/Src/stm32f3xx_hal_gpio.o
 .debug_macro   0x0001cd96      0x2b4 ./Drivers/STM32F3xx_HAL_Driver/Src/stm32f3xx_hal_i2c.o
 .debug_macro   0x0001d04a      0x1e8 ./Drivers/STM32F3xx_HAL_Driver/Src/stm32f3xx_hal_i2c_ex.o
 .debug_macro   0x0001d232      0x1f4 ./Drivers/STM32F3xx_HAL_Driver/Src/stm32f3xx_hal_pcd.o
 .debug_macro   0x0001d426      0x1e8 ./Drivers/STM32F3xx_HAL_Driver/Src/stm32f3xx_hal_pcd_ex.o
 .debug_macro   0x0001d60e      0x20c ./Drivers/STM32F3xx_HAL_Driver/Src/stm32f3xx_hal_rcc.o
 .debug_macro   0x0001d81a      0x1e8 ./Drivers/STM32F3xx_HAL_Driver/Src/stm32f3xx_hal_rcc_ex.o
 .debug_macro   0x0001da02      0x1f0 ./Drivers/STM32F3xx_HAL_Driver/Src/stm32f3xx_hal_spi.o
 .debug_macro   0x0001dbf2      0x1e8 ./Drivers/STM32F3xx_HAL_Driver/Src/stm32f3xx_ll_usb.o
 .debug_macro   0x0001ddda      0x386 ./Middlewares/ST/STM32_USB_Device_Library/Class/CDC/Src/usbd_cdc.o
 .debug_macro   0x0001e160       0x9e ./Middlewares/ST/STM32_USB_Device_Library/Class/CDC/Src/usbd_cdc.o
 .debug_macro   0x0001e1fe      0x10b ./Middlewares/ST/STM32_USB_Device_Library/Class/CDC/Src/usbd_cdc.o
 .debug_macro   0x0001e309       0x4f ./Middlewares/ST/STM32_USB_Device_Library/Class/CDC/Src/usbd_cdc.o
 .debug_macro   0x0001e358       0x8f ./Middlewares/ST/STM32_USB_Device_Library/Class/CDC/Src/usbd_cdc.o
 .debug_macro   0x0001e3e7      0x36d ./Middlewares/ST/STM32_USB_Device_Library/Core/Src/usbd_core.o
 .debug_macro   0x0001e754      0x1ce ./Middlewares/ST/STM32_USB_Device_Library/Core/Src/usbd_core.o
 .debug_macro   0x0001e922      0x377 ./Middlewares/ST/STM32_USB_Device_Library/Core/Src/usbd_ctlreq.o
 .debug_macro   0x0001ec99      0x373 ./Middlewares/ST/STM32_USB_Device_Library/Core/Src/usbd_ioreq.o
 .debug_macro   0x0001f00c      0x3a6 ./USB_DEVICE/App/usb_device.o
 .debug_macro   0x0001f3b2      0x166 ./USB_DEVICE/App/usb_device.o
 .debug_macro   0x0001f518       0x22 ./USB_DEVICE/App/usb_device.o
 .debug_macro   0x0001f53a       0x16 ./USB_DEVICE/App/usb_device.o
 .debug_macro   0x0001f550      0x39e ./USB_DEVICE/App/usbd_cdc_if.o
 .debug_macro   0x0001f8ee       0x10 ./USB_DEVICE/App/usbd_cdc_if.o
 .debug_macro   0x0001f8fe      0x3aa ./USB_DEVICE/App/usbd_desc.o
 .debug_macro   0x0001fca8       0x1c ./USB_DEVICE/App/usbd_desc.o
 .debug_macro   0x0001fcc4      0x38a ./USB_DEVICE/Target/usbd_conf.o

.debug_line     0x00000000    0x16616
 .debug_line    0x00000000      0xb30 ./Core/Src/main.o
 .debug_line    0x00000b30      0x82e ./Core/Src/stm32f3xx_hal_msp.o
 .debug_line    0x0000135e      0x86c ./Core/Src/stm32f3xx_it.o
 .debug_line    0x00001bca      0x588 ./Core/Src/sysmem.o
 .debug_line    0x00002152      0x80b ./Core/Src/system_stm32f3xx.o
 .debug_line    0x0000295d       0x7a ./Core/Startup/startup_stm32f303vctx.o
 .debug_line    0x000029d7      0xa43 ./Drivers/STM32F3xx_HAL_Driver/Src/stm32f3xx_hal.o
 .debug_line    0x0000341a      0xd30 ./Drivers/STM32F3xx_HAL_Driver/Src/stm32f3xx_hal_cortex.o
 .debug_line    0x0000414a      0xbba ./Drivers/STM32F3xx_HAL_Driver/Src/stm32f3xx_hal_gpio.o
 .debug_line    0x00004d04     0x3aba ./Drivers/STM32F3xx_HAL_Driver/Src/stm32f3xx_hal_i2c.o
 .debug_line    0x000087be      0x9af ./Drivers/STM32F3xx_HAL_Driver/Src/stm32f3xx_hal_i2c_ex.o
 .debug_line    0x0000916d     0x13be ./Drivers/STM32F3xx_HAL_Driver/Src/stm32f3xx_hal_pcd.o
 .debug_line    0x0000a52b      0x80b ./Drivers/STM32F3xx_HAL_Driver/Src/stm32f3xx_hal_pcd_ex.o
 .debug_line    0x0000ad36     0x13d7 ./Drivers/STM32F3xx_HAL_Driver/Src/stm32f3xx_hal_rcc.o
 .debug_line    0x0000c10d      0xd91 ./Drivers/STM32F3xx_HAL_Driver/Src/stm32f3xx_hal_rcc_ex.o
 .debug_line    0x0000ce9e     0x207c ./Drivers/STM32F3xx_HAL_Driver/Src/stm32f3xx_hal_spi.o
 .debug_line    0x0000ef1a      0xfb0 ./Drivers/STM32F3xx_HAL_Driver/Src/stm32f3xx_ll_usb.o
 .debug_line    0x0000feca      0xd96 ./Middlewares/ST/STM32_USB_Device_Library/Class/CDC/Src/usbd_cdc.o
 .debug_line    0x00010c60      0xe12 ./Middlewares/ST/STM32_USB_Device_Library/Core/Src/usbd_core.o
 .debug_line    0x00011a72     0x1052 ./Middlewares/ST/STM32_USB_Device_Library/Core/Src/usbd_ctlreq.o
 .debug_line    0x00012ac4      0xaa8 ./Middlewares/ST/STM32_USB_Device_Library/Core/Src/usbd_ioreq.o
 .debug_line    0x0001356c      0xa68 ./USB_DEVICE/App/usb_device.o
 .debug_line    0x00013fd4      0xcac ./USB_DEVICE/App/usbd_cdc_if.o
 .debug_line    0x00014c80      0xb31 ./USB_DEVICE/App/usbd_desc.o
 .debug_line    0x000157b1      0xe65 ./USB_DEVICE/Target/usbd_conf.o

.debug_str      0x00000000    0xb0d6d
 .debug_str     0x00000000    0xac571 ./Core/Src/main.o
                              0xacd81 (size before relaxing)
 .debug_str     0x000ac571       0xa7 ./Core/Src/stm32f3xx_hal_msp.o
                              0xa886e (size before relaxing)
 .debug_str     0x000ac618      0x3cb ./Core/Src/stm32f3xx_it.o
                              0xa84b9 (size before relaxing)
 .debug_str     0x000ac9e3      0x4dc ./Core/Src/sysmem.o
                               0x60ae (size before relaxing)
 .debug_str     0x000acebf       0xdf ./Core/Src/system_stm32f3xx.o
                              0xa7c7d (size before relaxing)
 .debug_str     0x000acf9e       0x44 ./Core/Startup/startup_stm32f303vctx.o
                                 0x61 (size before relaxing)
 .debug_str     0x000acfe2      0x6b3 ./Drivers/STM32F3xx_HAL_Driver/Src/stm32f3xx_hal.o
                              0xa84bb (size before relaxing)
 .debug_str     0x000ad695      0x37f ./Drivers/STM32F3xx_HAL_Driver/Src/stm32f3xx_hal_cortex.o
                              0xa853f (size before relaxing)